
AVRASM ver. 2.1.30  C:\Users\TL_09159152305\Desktop\USART\New folder\Debug\List\1.asm Fri Jun 13 14:04:58 2025

                 
                 
                 ;CodeVisionAVR C Compiler V3.14 Advanced
                 ;(C) Copyright 1998-2014 Pavel Haiduc, HP InfoTech s.r.l.
                 ;http://www.hpinfotech.com
                 
                 ;Build configuration    : Debug
                 ;Chip type              : ATmega32A
                 ;Program type           : Application
                 ;Clock frequency        : 2.000000 MHz
                 ;Memory model           : Small
                 ;Optimize for           : Size
                 ;(s)printf features     : int, width
                 ;(s)scanf features      : int, width
                 ;External RAM size      : 0
                 ;Data Stack size        : 512 byte(s)
                 ;Heap size              : 0 byte(s)
                 ;Promote 'char' to 'int': Yes
                 ;'char' is unsigned     : Yes
                 ;8 bit enums            : Yes
                 ;Global 'const' stored in FLASH: Yes
                 ;Enhanced function parameter passing: Yes
                 ;Enhanced core instructions: On
                 ;Automatic register allocation for global variables: On
                 ;Smart register allocation: On
                 
                 	#define _MODEL_SMALL_
                 
                 	#pragma AVRPART ADMIN PART_NAME ATmega32A
                 	#pragma AVRPART MEMORY PROG_FLASH 32768
                 	#pragma AVRPART MEMORY EEPROM 1024
                 	#pragma AVRPART MEMORY INT_SRAM SIZE 2048
                 	#pragma AVRPART MEMORY INT_SRAM START_ADDR 0x60
                 
                 	#define CALL_SUPPORTED 1
                 
                 	.LISTMAC
                 	.EQU UDRE=0x5
                 	.EQU RXC=0x7
                 	.EQU USR=0xB
                 	.EQU UDR=0xC
                 	.EQU SPSR=0xE
                 	.EQU SPDR=0xF
                 	.EQU EERE=0x0
                 	.EQU EEWE=0x1
                 	.EQU EEMWE=0x2
                 	.EQU EECR=0x1C
                 	.EQU EEDR=0x1D
                 	.EQU EEARL=0x1E
                 	.EQU EEARH=0x1F
                 	.EQU WDTCR=0x21
                 	.EQU MCUCR=0x35
                 	.EQU SPL=0x3D
                 	.EQU SPH=0x3E
                 	.EQU SREG=0x3F
                 
                 	.DEF R0X0=R0
                 	.DEF R0X1=R1
                 	.DEF R0X2=R2
                 	.DEF R0X3=R3
                 	.DEF R0X4=R4
                 	.DEF R0X5=R5
                 	.DEF R0X6=R6
                 	.DEF R0X7=R7
                 	.DEF R0X8=R8
                 	.DEF R0X9=R9
                 	.DEF R0XA=R10
                 	.DEF R0XB=R11
                 	.DEF R0XC=R12
                 	.DEF R0XD=R13
                 	.DEF R0XE=R14
                 	.DEF R0XF=R15
                 	.DEF R0X10=R16
                 	.DEF R0X11=R17
                 	.DEF R0X12=R18
                 	.DEF R0X13=R19
                 	.DEF R0X14=R20
                 	.DEF R0X15=R21
                 	.DEF R0X16=R22
                 	.DEF R0X17=R23
                 	.DEF R0X18=R24
                 	.DEF R0X19=R25
                 	.DEF R0X1A=R26
                 	.DEF R0X1B=R27
                 	.DEF R0X1C=R28
                 	.DEF R0X1D=R29
                 	.DEF R0X1E=R30
                 	.DEF R0X1F=R31
                 
                 	.EQU __SRAM_START=0x0060
                 	.EQU __SRAM_END=0x085F
                 	.EQU __DSTACK_SIZE=0x0200
                 	.EQU __HEAP_SIZE=0x0000
                 	.EQU __CLEAR_SRAM_SIZE=__SRAM_END-__SRAM_START+1
                 
                 	.MACRO __CPD1N
                 	CPI  R30,LOW(@0)
                 	LDI  R26,HIGH(@0)
                 	CPC  R31,R26
                 	LDI  R26,BYTE3(@0)
                 	CPC  R22,R26
                 	LDI  R26,BYTE4(@0)
                 	CPC  R23,R26
                 	.ENDM
                 
                 	.MACRO __CPD2N
                 	CPI  R26,LOW(@0)
                 	LDI  R30,HIGH(@0)
                 	CPC  R27,R30
                 	LDI  R30,BYTE3(@0)
                 	CPC  R24,R30
                 	LDI  R30,BYTE4(@0)
                 	CPC  R25,R30
                 	.ENDM
                 
                 	.MACRO __CPWRR
                 	CP   R@0,R@2
                 	CPC  R@1,R@3
                 	.ENDM
                 
                 	.MACRO __CPWRN
                 	CPI  R@0,LOW(@2)
                 	LDI  R30,HIGH(@2)
                 	CPC  R@1,R30
                 	.ENDM
                 
                 	.MACRO __ADDB1MN
                 	SUBI R30,LOW(-@0-(@1))
                 	.ENDM
                 
                 	.MACRO __ADDB2MN
                 	SUBI R26,LOW(-@0-(@1))
                 	.ENDM
                 
                 	.MACRO __ADDW1MN
                 	SUBI R30,LOW(-@0-(@1))
                 	SBCI R31,HIGH(-@0-(@1))
                 	.ENDM
                 
                 	.MACRO __ADDW2MN
                 	SUBI R26,LOW(-@0-(@1))
                 	SBCI R27,HIGH(-@0-(@1))
                 	.ENDM
                 
                 	.MACRO __ADDW1FN
                 	SUBI R30,LOW(-2*@0-(@1))
                 	SBCI R31,HIGH(-2*@0-(@1))
                 	.ENDM
                 
                 	.MACRO __ADDD1FN
                 	SUBI R30,LOW(-2*@0-(@1))
                 	SBCI R31,HIGH(-2*@0-(@1))
                 	SBCI R22,BYTE3(-2*@0-(@1))
                 	.ENDM
                 
                 	.MACRO __ADDD1N
                 	SUBI R30,LOW(-@0)
                 	SBCI R31,HIGH(-@0)
                 	SBCI R22,BYTE3(-@0)
                 	SBCI R23,BYTE4(-@0)
                 	.ENDM
                 
                 	.MACRO __ADDD2N
                 	SUBI R26,LOW(-@0)
                 	SBCI R27,HIGH(-@0)
                 	SBCI R24,BYTE3(-@0)
                 	SBCI R25,BYTE4(-@0)
                 	.ENDM
                 
                 	.MACRO __SUBD1N
                 	SUBI R30,LOW(@0)
                 	SBCI R31,HIGH(@0)
                 	SBCI R22,BYTE3(@0)
                 	SBCI R23,BYTE4(@0)
                 	.ENDM
                 
                 	.MACRO __SUBD2N
                 	SUBI R26,LOW(@0)
                 	SBCI R27,HIGH(@0)
                 	SBCI R24,BYTE3(@0)
                 	SBCI R25,BYTE4(@0)
                 	.ENDM
                 
                 	.MACRO __ANDBMNN
                 	LDS  R30,@0+(@1)
                 	ANDI R30,LOW(@2)
                 	STS  @0+(@1),R30
                 	.ENDM
                 
                 	.MACRO __ANDWMNN
                 	LDS  R30,@0+(@1)
                 	ANDI R30,LOW(@2)
                 	STS  @0+(@1),R30
                 	LDS  R30,@0+(@1)+1
                 	ANDI R30,HIGH(@2)
                 	STS  @0+(@1)+1,R30
                 	.ENDM
                 
                 	.MACRO __ANDD1N
                 	ANDI R30,LOW(@0)
                 	ANDI R31,HIGH(@0)
                 	ANDI R22,BYTE3(@0)
                 	ANDI R23,BYTE4(@0)
                 	.ENDM
                 
                 	.MACRO __ANDD2N
                 	ANDI R26,LOW(@0)
                 	ANDI R27,HIGH(@0)
                 	ANDI R24,BYTE3(@0)
                 	ANDI R25,BYTE4(@0)
                 	.ENDM
                 
                 	.MACRO __ORBMNN
                 	LDS  R30,@0+(@1)
                 	ORI  R30,LOW(@2)
                 	STS  @0+(@1),R30
                 	.ENDM
                 
                 	.MACRO __ORWMNN
                 	LDS  R30,@0+(@1)
                 	ORI  R30,LOW(@2)
                 	STS  @0+(@1),R30
                 	LDS  R30,@0+(@1)+1
                 	ORI  R30,HIGH(@2)
                 	STS  @0+(@1)+1,R30
                 	.ENDM
                 
                 	.MACRO __ORD1N
                 	ORI  R30,LOW(@0)
                 	ORI  R31,HIGH(@0)
                 	ORI  R22,BYTE3(@0)
                 	ORI  R23,BYTE4(@0)
                 	.ENDM
                 
                 	.MACRO __ORD2N
                 	ORI  R26,LOW(@0)
                 	ORI  R27,HIGH(@0)
                 	ORI  R24,BYTE3(@0)
                 	ORI  R25,BYTE4(@0)
                 	.ENDM
                 
                 	.MACRO __DELAY_USB
                 	LDI  R24,LOW(@0)
                 __DELAY_USB_LOOP:
                 	DEC  R24
                 	BRNE __DELAY_USB_LOOP
                 	.ENDM
                 
                 	.MACRO __DELAY_USW
                 	LDI  R24,LOW(@0)
                 	LDI  R25,HIGH(@0)
                 __DELAY_USW_LOOP:
                 	SBIW R24,1
                 	BRNE __DELAY_USW_LOOP
                 	.ENDM
                 
                 	.MACRO __GETD1S
                 	LDD  R30,Y+@0
                 	LDD  R31,Y+@0+1
                 	LDD  R22,Y+@0+2
                 	LDD  R23,Y+@0+3
                 	.ENDM
                 
                 	.MACRO __GETD2S
                 	LDD  R26,Y+@0
                 	LDD  R27,Y+@0+1
                 	LDD  R24,Y+@0+2
                 	LDD  R25,Y+@0+3
                 	.ENDM
                 
                 	.MACRO __PUTD1S
                 	STD  Y+@0,R30
                 	STD  Y+@0+1,R31
                 	STD  Y+@0+2,R22
                 	STD  Y+@0+3,R23
                 	.ENDM
                 
                 	.MACRO __PUTD2S
                 	STD  Y+@0,R26
                 	STD  Y+@0+1,R27
                 	STD  Y+@0+2,R24
                 	STD  Y+@0+3,R25
                 	.ENDM
                 
                 	.MACRO __PUTDZ2
                 	STD  Z+@0,R26
                 	STD  Z+@0+1,R27
                 	STD  Z+@0+2,R24
                 	STD  Z+@0+3,R25
                 	.ENDM
                 
                 	.MACRO __CLRD1S
                 	STD  Y+@0,R30
                 	STD  Y+@0+1,R30
                 	STD  Y+@0+2,R30
                 	STD  Y+@0+3,R30
                 	.ENDM
                 
                 	.MACRO __POINTB1MN
                 	LDI  R30,LOW(@0+(@1))
                 	.ENDM
                 
                 	.MACRO __POINTW1MN
                 	LDI  R30,LOW(@0+(@1))
                 	LDI  R31,HIGH(@0+(@1))
                 	.ENDM
                 
                 	.MACRO __POINTD1M
                 	LDI  R30,LOW(@0)
                 	LDI  R31,HIGH(@0)
                 	LDI  R22,BYTE3(@0)
                 	LDI  R23,BYTE4(@0)
                 	.ENDM
                 
                 	.MACRO __POINTW1FN
                 	LDI  R30,LOW(2*@0+(@1))
                 	LDI  R31,HIGH(2*@0+(@1))
                 	.ENDM
                 
                 	.MACRO __POINTD1FN
                 	LDI  R30,LOW(2*@0+(@1))
                 	LDI  R31,HIGH(2*@0+(@1))
                 	LDI  R22,BYTE3(2*@0+(@1))
                 	LDI  R23,BYTE4(2*@0+(@1))
                 	.ENDM
                 
                 	.MACRO __POINTB2MN
                 	LDI  R26,LOW(@0+(@1))
                 	.ENDM
                 
                 	.MACRO __POINTW2MN
                 	LDI  R26,LOW(@0+(@1))
                 	LDI  R27,HIGH(@0+(@1))
                 	.ENDM
                 
                 	.MACRO __POINTW2FN
                 	LDI  R26,LOW(2*@0+(@1))
                 	LDI  R27,HIGH(2*@0+(@1))
                 	.ENDM
                 
                 	.MACRO __POINTD2FN
                 	LDI  R26,LOW(2*@0+(@1))
                 	LDI  R27,HIGH(2*@0+(@1))
                 	LDI  R24,BYTE3(2*@0+(@1))
                 	LDI  R25,BYTE4(2*@0+(@1))
                 	.ENDM
                 
                 	.MACRO __POINTBRM
                 	LDI  R@0,LOW(@1)
                 	.ENDM
                 
                 	.MACRO __POINTWRM
                 	LDI  R@0,LOW(@2)
                 	LDI  R@1,HIGH(@2)
                 	.ENDM
                 
                 	.MACRO __POINTBRMN
                 	LDI  R@0,LOW(@1+(@2))
                 	.ENDM
                 
                 	.MACRO __POINTWRMN
                 	LDI  R@0,LOW(@2+(@3))
                 	LDI  R@1,HIGH(@2+(@3))
                 	.ENDM
                 
                 	.MACRO __POINTWRFN
                 	LDI  R@0,LOW(@2*2+(@3))
                 	LDI  R@1,HIGH(@2*2+(@3))
                 	.ENDM
                 
                 	.MACRO __GETD1N
                 	LDI  R30,LOW(@0)
                 	LDI  R31,HIGH(@0)
                 	LDI  R22,BYTE3(@0)
                 	LDI  R23,BYTE4(@0)
                 	.ENDM
                 
                 	.MACRO __GETD2N
                 	LDI  R26,LOW(@0)
                 	LDI  R27,HIGH(@0)
                 	LDI  R24,BYTE3(@0)
                 	LDI  R25,BYTE4(@0)
                 	.ENDM
                 
                 	.MACRO __GETB1MN
                 	LDS  R30,@0+(@1)
                 	.ENDM
                 
                 	.MACRO __GETB1HMN
                 	LDS  R31,@0+(@1)
                 	.ENDM
                 
                 	.MACRO __GETW1MN
                 	LDS  R30,@0+(@1)
                 	LDS  R31,@0+(@1)+1
                 	.ENDM
                 
                 	.MACRO __GETD1MN
                 	LDS  R30,@0+(@1)
                 	LDS  R31,@0+(@1)+1
                 	LDS  R22,@0+(@1)+2
                 	LDS  R23,@0+(@1)+3
                 	.ENDM
                 
                 	.MACRO __GETBRMN
                 	LDS  R@0,@1+(@2)
                 	.ENDM
                 
                 	.MACRO __GETWRMN
                 	LDS  R@0,@2+(@3)
                 	LDS  R@1,@2+(@3)+1
                 	.ENDM
                 
                 	.MACRO __GETWRZ
                 	LDD  R@0,Z+@2
                 	LDD  R@1,Z+@2+1
                 	.ENDM
                 
                 	.MACRO __GETD2Z
                 	LDD  R26,Z+@0
                 	LDD  R27,Z+@0+1
                 	LDD  R24,Z+@0+2
                 	LDD  R25,Z+@0+3
                 	.ENDM
                 
                 	.MACRO __GETB2MN
                 	LDS  R26,@0+(@1)
                 	.ENDM
                 
                 	.MACRO __GETW2MN
                 	LDS  R26,@0+(@1)
                 	LDS  R27,@0+(@1)+1
                 	.ENDM
                 
                 	.MACRO __GETD2MN
                 	LDS  R26,@0+(@1)
                 	LDS  R27,@0+(@1)+1
                 	LDS  R24,@0+(@1)+2
                 	LDS  R25,@0+(@1)+3
                 	.ENDM
                 
                 	.MACRO __PUTB1MN
                 	STS  @0+(@1),R30
                 	.ENDM
                 
                 	.MACRO __PUTW1MN
                 	STS  @0+(@1),R30
                 	STS  @0+(@1)+1,R31
                 	.ENDM
                 
                 	.MACRO __PUTD1MN
                 	STS  @0+(@1),R30
                 	STS  @0+(@1)+1,R31
                 	STS  @0+(@1)+2,R22
                 	STS  @0+(@1)+3,R23
                 	.ENDM
                 
                 	.MACRO __PUTB1EN
                 	LDI  R26,LOW(@0+(@1))
                 	LDI  R27,HIGH(@0+(@1))
                 	CALL __EEPROMWRB
                 	.ENDM
                 
                 	.MACRO __PUTW1EN
                 	LDI  R26,LOW(@0+(@1))
                 	LDI  R27,HIGH(@0+(@1))
                 	CALL __EEPROMWRW
                 	.ENDM
                 
                 	.MACRO __PUTD1EN
                 	LDI  R26,LOW(@0+(@1))
                 	LDI  R27,HIGH(@0+(@1))
                 	CALL __EEPROMWRD
                 	.ENDM
                 
                 	.MACRO __PUTBR0MN
                 	STS  @0+(@1),R0
                 	.ENDM
                 
                 	.MACRO __PUTBMRN
                 	STS  @0+(@1),R@2
                 	.ENDM
                 
                 	.MACRO __PUTWMRN
                 	STS  @0+(@1),R@2
                 	STS  @0+(@1)+1,R@3
                 	.ENDM
                 
                 	.MACRO __PUTBZR
                 	STD  Z+@1,R@0
                 	.ENDM
                 
                 	.MACRO __PUTWZR
                 	STD  Z+@2,R@0
                 	STD  Z+@2+1,R@1
                 	.ENDM
                 
                 	.MACRO __GETW1R
                 	MOV  R30,R@0
                 	MOV  R31,R@1
                 	.ENDM
                 
                 	.MACRO __GETW2R
                 	MOV  R26,R@0
                 	MOV  R27,R@1
                 	.ENDM
                 
                 	.MACRO __GETWRN
                 	LDI  R@0,LOW(@2)
                 	LDI  R@1,HIGH(@2)
                 	.ENDM
                 
                 	.MACRO __PUTW1R
                 	MOV  R@0,R30
                 	MOV  R@1,R31
                 	.ENDM
                 
                 	.MACRO __PUTW2R
                 	MOV  R@0,R26
                 	MOV  R@1,R27
                 	.ENDM
                 
                 	.MACRO __ADDWRN
                 	SUBI R@0,LOW(-@2)
                 	SBCI R@1,HIGH(-@2)
                 	.ENDM
                 
                 	.MACRO __ADDWRR
                 	ADD  R@0,R@2
                 	ADC  R@1,R@3
                 	.ENDM
                 
                 	.MACRO __SUBWRN
                 	SUBI R@0,LOW(@2)
                 	SBCI R@1,HIGH(@2)
                 	.ENDM
                 
                 	.MACRO __SUBWRR
                 	SUB  R@0,R@2
                 	SBC  R@1,R@3
                 	.ENDM
                 
                 	.MACRO __ANDWRN
                 	ANDI R@0,LOW(@2)
                 	ANDI R@1,HIGH(@2)
                 	.ENDM
                 
                 	.MACRO __ANDWRR
                 	AND  R@0,R@2
                 	AND  R@1,R@3
                 	.ENDM
                 
                 	.MACRO __ORWRN
                 	ORI  R@0,LOW(@2)
                 	ORI  R@1,HIGH(@2)
                 	.ENDM
                 
                 	.MACRO __ORWRR
                 	OR   R@0,R@2
                 	OR   R@1,R@3
                 	.ENDM
                 
                 	.MACRO __EORWRR
                 	EOR  R@0,R@2
                 	EOR  R@1,R@3
                 	.ENDM
                 
                 	.MACRO __GETWRS
                 	LDD  R@0,Y+@2
                 	LDD  R@1,Y+@2+1
                 	.ENDM
                 
                 	.MACRO __PUTBSR
                 	STD  Y+@1,R@0
                 	.ENDM
                 
                 	.MACRO __PUTWSR
                 	STD  Y+@2,R@0
                 	STD  Y+@2+1,R@1
                 	.ENDM
                 
                 	.MACRO __MOVEWRR
                 	MOV  R@0,R@2
                 	MOV  R@1,R@3
                 	.ENDM
                 
                 	.MACRO __INWR
                 	IN   R@0,@2
                 	IN   R@1,@2+1
                 	.ENDM
                 
                 	.MACRO __OUTWR
                 	OUT  @2+1,R@1
                 	OUT  @2,R@0
                 	.ENDM
                 
                 	.MACRO __CALL1MN
                 	LDS  R30,@0+(@1)
                 	LDS  R31,@0+(@1)+1
                 	ICALL
                 	.ENDM
                 
                 	.MACRO __CALL1FN
                 	LDI  R30,LOW(2*@0+(@1))
                 	LDI  R31,HIGH(2*@0+(@1))
                 	CALL __GETW1PF
                 	ICALL
                 	.ENDM
                 
                 	.MACRO __CALL2EN
                 	PUSH R26
                 	PUSH R27
                 	LDI  R26,LOW(@0+(@1))
                 	LDI  R27,HIGH(@0+(@1))
                 	CALL __EEPROMRDW
                 	POP  R27
                 	POP  R26
                 	ICALL
                 	.ENDM
                 
                 	.MACRO __CALL2EX
                 	SUBI R26,LOW(-@0)
                 	SBCI R27,HIGH(-@0)
                 	CALL __EEPROMRDD
                 	ICALL
                 	.ENDM
                 
                 	.MACRO __GETW1STACK
                 	IN   R30,SPL
                 	IN   R31,SPH
                 	ADIW R30,@0+1
                 	LD   R0,Z+
                 	LD   R31,Z
                 	MOV  R30,R0
                 	.ENDM
                 
                 	.MACRO __GETD1STACK
                 	IN   R30,SPL
                 	IN   R31,SPH
                 	ADIW R30,@0+1
                 	LD   R0,Z+
                 	LD   R1,Z+
                 	LD   R22,Z
                 	MOVW R30,R0
                 	.ENDM
                 
                 	.MACRO __NBST
                 	BST  R@0,@1
                 	IN   R30,SREG
                 	LDI  R31,0x40
                 	EOR  R30,R31
                 	OUT  SREG,R30
                 	.ENDM
                 
                 
                 	.MACRO __PUTB1SN
                 	LDD  R26,Y+@0
                 	LDD  R27,Y+@0+1
                 	SUBI R26,LOW(-@1)
                 	SBCI R27,HIGH(-@1)
                 	ST   X,R30
                 	.ENDM
                 
                 	.MACRO __PUTW1SN
                 	LDD  R26,Y+@0
                 	LDD  R27,Y+@0+1
                 	SUBI R26,LOW(-@1)
                 	SBCI R27,HIGH(-@1)
                 	ST   X+,R30
                 	ST   X,R31
                 	.ENDM
                 
                 	.MACRO __PUTD1SN
                 	LDD  R26,Y+@0
                 	LDD  R27,Y+@0+1
                 	SUBI R26,LOW(-@1)
                 	SBCI R27,HIGH(-@1)
                 	CALL __PUTDP1
                 	.ENDM
                 
                 	.MACRO __PUTB1SNS
                 	LDD  R26,Y+@0
                 	LDD  R27,Y+@0+1
                 	ADIW R26,@1
                 	ST   X,R30
                 	.ENDM
                 
                 	.MACRO __PUTW1SNS
                 	LDD  R26,Y+@0
                 	LDD  R27,Y+@0+1
                 	ADIW R26,@1
                 	ST   X+,R30
                 	ST   X,R31
                 	.ENDM
                 
                 	.MACRO __PUTD1SNS
                 	LDD  R26,Y+@0
                 	LDD  R27,Y+@0+1
                 	ADIW R26,@1
                 	CALL __PUTDP1
                 	.ENDM
                 
                 	.MACRO __PUTB1PMN
                 	LDS  R26,@0
                 	LDS  R27,@0+1
                 	SUBI R26,LOW(-@1)
                 	SBCI R27,HIGH(-@1)
                 	ST   X,R30
                 	.ENDM
                 
                 	.MACRO __PUTW1PMN
                 	LDS  R26,@0
                 	LDS  R27,@0+1
                 	SUBI R26,LOW(-@1)
                 	SBCI R27,HIGH(-@1)
                 	ST   X+,R30
                 	ST   X,R31
                 	.ENDM
                 
                 	.MACRO __PUTD1PMN
                 	LDS  R26,@0
                 	LDS  R27,@0+1
                 	SUBI R26,LOW(-@1)
                 	SBCI R27,HIGH(-@1)
                 	CALL __PUTDP1
                 	.ENDM
                 
                 	.MACRO __PUTB1PMNS
                 	LDS  R26,@0
                 	LDS  R27,@0+1
                 	ADIW R26,@1
                 	ST   X,R30
                 	.ENDM
                 
                 	.MACRO __PUTW1PMNS
                 	LDS  R26,@0
                 	LDS  R27,@0+1
                 	ADIW R26,@1
                 	ST   X+,R30
                 	ST   X,R31
                 	.ENDM
                 
                 	.MACRO __PUTD1PMNS
                 	LDS  R26,@0
                 	LDS  R27,@0+1
                 	ADIW R26,@1
                 	CALL __PUTDP1
                 	.ENDM
                 
                 	.MACRO __PUTB1RN
                 	MOVW R26,R@0
                 	SUBI R26,LOW(-@1)
                 	SBCI R27,HIGH(-@1)
                 	ST   X,R30
                 	.ENDM
                 
                 	.MACRO __PUTW1RN
                 	MOVW R26,R@0
                 	SUBI R26,LOW(-@1)
                 	SBCI R27,HIGH(-@1)
                 	ST   X+,R30
                 	ST   X,R31
                 	.ENDM
                 
                 	.MACRO __PUTD1RN
                 	MOVW R26,R@0
                 	SUBI R26,LOW(-@1)
                 	SBCI R27,HIGH(-@1)
                 	CALL __PUTDP1
                 	.ENDM
                 
                 	.MACRO __PUTB1RNS
                 	MOVW R26,R@0
                 	ADIW R26,@1
                 	ST   X,R30
                 	.ENDM
                 
                 	.MACRO __PUTW1RNS
                 	MOVW R26,R@0
                 	ADIW R26,@1
                 	ST   X+,R30
                 	ST   X,R31
                 	.ENDM
                 
                 	.MACRO __PUTD1RNS
                 	MOVW R26,R@0
                 	ADIW R26,@1
                 	CALL __PUTDP1
                 	.ENDM
                 
                 	.MACRO __PUTB1RON
                 	MOV  R26,R@0
                 	MOV  R27,R@1
                 	SUBI R26,LOW(-@2)
                 	SBCI R27,HIGH(-@2)
                 	ST   X,R30
                 	.ENDM
                 
                 	.MACRO __PUTW1RON
                 	MOV  R26,R@0
                 	MOV  R27,R@1
                 	SUBI R26,LOW(-@2)
                 	SBCI R27,HIGH(-@2)
                 	ST   X+,R30
                 	ST   X,R31
                 	.ENDM
                 
                 	.MACRO __PUTD1RON
                 	MOV  R26,R@0
                 	MOV  R27,R@1
                 	SUBI R26,LOW(-@2)
                 	SBCI R27,HIGH(-@2)
                 	CALL __PUTDP1
                 	.ENDM
                 
                 	.MACRO __PUTB1RONS
                 	MOV  R26,R@0
                 	MOV  R27,R@1
                 	ADIW R26,@2
                 	ST   X,R30
                 	.ENDM
                 
                 	.MACRO __PUTW1RONS
                 	MOV  R26,R@0
                 	MOV  R27,R@1
                 	ADIW R26,@2
                 	ST   X+,R30
                 	ST   X,R31
                 	.ENDM
                 
                 	.MACRO __PUTD1RONS
                 	MOV  R26,R@0
                 	MOV  R27,R@1
                 	ADIW R26,@2
                 	CALL __PUTDP1
                 	.ENDM
                 
                 
                 	.MACRO __GETB1SX
                 	MOVW R30,R28
                 	SUBI R30,LOW(-@0)
                 	SBCI R31,HIGH(-@0)
                 	LD   R30,Z
                 	.ENDM
                 
                 	.MACRO __GETB1HSX
                 	MOVW R30,R28
                 	SUBI R30,LOW(-@0)
                 	SBCI R31,HIGH(-@0)
                 	LD   R31,Z
                 	.ENDM
                 
                 	.MACRO __GETW1SX
                 	MOVW R30,R28
                 	SUBI R30,LOW(-@0)
                 	SBCI R31,HIGH(-@0)
                 	LD   R0,Z+
                 	LD   R31,Z
                 	MOV  R30,R0
                 	.ENDM
                 
                 	.MACRO __GETD1SX
                 	MOVW R30,R28
                 	SUBI R30,LOW(-@0)
                 	SBCI R31,HIGH(-@0)
                 	LD   R0,Z+
                 	LD   R1,Z+
                 	LD   R22,Z+
                 	LD   R23,Z
                 	MOVW R30,R0
                 	.ENDM
                 
                 	.MACRO __GETB2SX
                 	MOVW R26,R28
                 	SUBI R26,LOW(-@0)
                 	SBCI R27,HIGH(-@0)
                 	LD   R26,X
                 	.ENDM
                 
                 	.MACRO __GETW2SX
                 	MOVW R26,R28
                 	SUBI R26,LOW(-@0)
                 	SBCI R27,HIGH(-@0)
                 	LD   R0,X+
                 	LD   R27,X
                 	MOV  R26,R0
                 	.ENDM
                 
                 	.MACRO __GETD2SX
                 	MOVW R26,R28
                 	SUBI R26,LOW(-@0)
                 	SBCI R27,HIGH(-@0)
                 	LD   R0,X+
                 	LD   R1,X+
                 	LD   R24,X+
                 	LD   R25,X
                 	MOVW R26,R0
                 	.ENDM
                 
                 	.MACRO __GETBRSX
                 	MOVW R30,R28
                 	SUBI R30,LOW(-@1)
                 	SBCI R31,HIGH(-@1)
                 	LD   R@0,Z
                 	.ENDM
                 
                 	.MACRO __GETWRSX
                 	MOVW R30,R28
                 	SUBI R30,LOW(-@2)
                 	SBCI R31,HIGH(-@2)
                 	LD   R@0,Z+
                 	LD   R@1,Z
                 	.ENDM
                 
                 	.MACRO __GETBRSX2
                 	MOVW R26,R28
                 	SUBI R26,LOW(-@1)
                 	SBCI R27,HIGH(-@1)
                 	LD   R@0,X
                 	.ENDM
                 
                 	.MACRO __GETWRSX2
                 	MOVW R26,R28
                 	SUBI R26,LOW(-@2)
                 	SBCI R27,HIGH(-@2)
                 	LD   R@0,X+
                 	LD   R@1,X
                 	.ENDM
                 
                 	.MACRO __LSLW8SX
                 	MOVW R30,R28
                 	SUBI R30,LOW(-@0)
                 	SBCI R31,HIGH(-@0)
                 	LD   R31,Z
                 	CLR  R30
                 	.ENDM
                 
                 	.MACRO __PUTB1SX
                 	MOVW R26,R28
                 	SUBI R26,LOW(-@0)
                 	SBCI R27,HIGH(-@0)
                 	ST   X,R30
                 	.ENDM
                 
                 	.MACRO __PUTW1SX
                 	MOVW R26,R28
                 	SUBI R26,LOW(-@0)
                 	SBCI R27,HIGH(-@0)
                 	ST   X+,R30
                 	ST   X,R31
                 	.ENDM
                 
                 	.MACRO __PUTD1SX
                 	MOVW R26,R28
                 	SUBI R26,LOW(-@0)
                 	SBCI R27,HIGH(-@0)
                 	ST   X+,R30
                 	ST   X+,R31
                 	ST   X+,R22
                 	ST   X,R23
                 	.ENDM
                 
                 	.MACRO __CLRW1SX
                 	MOVW R26,R28
                 	SUBI R26,LOW(-@0)
                 	SBCI R27,HIGH(-@0)
                 	ST   X+,R30
                 	ST   X,R30
                 	.ENDM
                 
                 	.MACRO __CLRD1SX
                 	MOVW R26,R28
                 	SUBI R26,LOW(-@0)
                 	SBCI R27,HIGH(-@0)
                 	ST   X+,R30
                 	ST   X+,R30
                 	ST   X+,R30
                 	ST   X,R30
                 	.ENDM
                 
                 	.MACRO __PUTB2SX
                 	MOVW R30,R28
                 	SUBI R30,LOW(-@0)
                 	SBCI R31,HIGH(-@0)
                 	ST   Z,R26
                 	.ENDM
                 
                 	.MACRO __PUTW2SX
                 	MOVW R30,R28
                 	SUBI R30,LOW(-@0)
                 	SBCI R31,HIGH(-@0)
                 	ST   Z+,R26
                 	ST   Z,R27
                 	.ENDM
                 
                 	.MACRO __PUTD2SX
                 	MOVW R30,R28
                 	SUBI R30,LOW(-@0)
                 	SBCI R31,HIGH(-@0)
                 	ST   Z+,R26
                 	ST   Z+,R27
                 	ST   Z+,R24
                 	ST   Z,R25
                 	.ENDM
                 
                 	.MACRO __PUTBSRX
                 	MOVW R30,R28
                 	SUBI R30,LOW(-@1)
                 	SBCI R31,HIGH(-@1)
                 	ST   Z,R@0
                 	.ENDM
                 
                 	.MACRO __PUTWSRX
                 	MOVW R30,R28
                 	SUBI R30,LOW(-@2)
                 	SBCI R31,HIGH(-@2)
                 	ST   Z+,R@0
                 	ST   Z,R@1
                 	.ENDM
                 
                 	.MACRO __PUTB1SNX
                 	MOVW R26,R28
                 	SUBI R26,LOW(-@0)
                 	SBCI R27,HIGH(-@0)
                 	LD   R0,X+
                 	LD   R27,X
                 	MOV  R26,R0
                 	SUBI R26,LOW(-@1)
                 	SBCI R27,HIGH(-@1)
                 	ST   X,R30
                 	.ENDM
                 
                 	.MACRO __PUTW1SNX
                 	MOVW R26,R28
                 	SUBI R26,LOW(-@0)
                 	SBCI R27,HIGH(-@0)
                 	LD   R0,X+
                 	LD   R27,X
                 	MOV  R26,R0
                 	SUBI R26,LOW(-@1)
                 	SBCI R27,HIGH(-@1)
                 	ST   X+,R30
                 	ST   X,R31
                 	.ENDM
                 
                 	.MACRO __PUTD1SNX
                 	MOVW R26,R28
                 	SUBI R26,LOW(-@0)
                 	SBCI R27,HIGH(-@0)
                 	LD   R0,X+
                 	LD   R27,X
                 	MOV  R26,R0
                 	SUBI R26,LOW(-@1)
                 	SBCI R27,HIGH(-@1)
                 	ST   X+,R30
                 	ST   X+,R31
                 	ST   X+,R22
                 	ST   X,R23
                 	.ENDM
                 
                 	.MACRO __MULBRR
                 	MULS R@0,R@1
                 	MOVW R30,R0
                 	.ENDM
                 
                 	.MACRO __MULBRRU
                 	MUL  R@0,R@1
                 	MOVW R30,R0
                 	.ENDM
                 
                 	.MACRO __MULBRR0
                 	MULS R@0,R@1
                 	.ENDM
                 
                 	.MACRO __MULBRRU0
                 	MUL  R@0,R@1
                 	.ENDM
                 
                 	.MACRO __MULBNWRU
                 	LDI  R26,@2
                 	MUL  R26,R@0
                 	MOVW R30,R0
                 	MUL  R26,R@1
                 	ADD  R31,R0
                 	.ENDM
                 
                 	.CSEG
                 	.ORG 0x00
                 
                 ;START OF CODE MARKER
                 __START_OF_CODE:
                 
                 ;INTERRUPT VECTORS
000000 940c 0039 	JMP  __RESET
000002 940c 0000 	JMP  0x00
000004 940c 0000 	JMP  0x00
000006 940c 0000 	JMP  0x00
000008 940c 0000 	JMP  0x00
00000a 940c 0000 	JMP  0x00
00000c 940c 0000 	JMP  0x00
00000e 940c 0000 	JMP  0x00
000010 940c 0000 	JMP  0x00
000012 940c 0000 	JMP  0x00
000014 940c 0000 	JMP  0x00
000016 940c 0000 	JMP  0x00
000018 940c 0000 	JMP  0x00
00001a 940c 0000 	JMP  0x00
00001c 940c 0000 	JMP  0x00
00001e 940c 0000 	JMP  0x00
000020 940c 0000 	JMP  0x00
000022 940c 0000 	JMP  0x00
000024 940c 0000 	JMP  0x00
000026 940c 0000 	JMP  0x00
000028 940c 0000 	JMP  0x00
                 
                 _tbl10_G100:
00002a 2710
00002b 03e8
00002c 0064
00002d 000a      	.DB  0x10,0x27,0xE8,0x3,0x64,0x0,0xA,0x0
00002e 0001      	.DB  0x1,0x0
                 _tbl16_G100:
00002f 1000
000030 0100
000031 0010
000032 0001      	.DB  0x0,0x10,0x0,0x1,0x10,0x0,0x1,0x0
                 
                 _0x0:
000033 3a54
000034 2520
000035 2e32
000036 6632      	.DB  0x54,0x3A,0x20,0x25,0x32,0x2E,0x32,0x66
000037 0a20
C:\Users\TL_09159152305\Desktop\USART\New folder\Debug\List\1.asm(1123): warning: .cseg .db misalignment - padding zero byte
000038 0000      	.DB  0x20,0xA,0x0
                 __RESET:
000039 94f8      	CLI
00003a 27ee      	CLR  R30
00003b bbec      	OUT  EECR,R30
                 
                 ;INTERRUPT VECTORS ARE PLACED
                 ;AT THE START OF FLASH
00003c e0f1      	LDI  R31,1
00003d bff5      	OUT  MCUCR,R31
00003e bfe5      	OUT  MCUCR,R30
                 
                 ;CLEAR R2-R14
00003f e08d      	LDI  R24,(14-2)+1
000040 e0a2      	LDI  R26,2
000041 27bb      	CLR  R27
                 __CLEAR_REG:
000042 93ed      	ST   X+,R30
000043 958a      	DEC  R24
000044 f7e9      	BRNE __CLEAR_REG
                 
                 ;CLEAR SRAM
000045 e080      	LDI  R24,LOW(__CLEAR_SRAM_SIZE)
000046 e098      	LDI  R25,HIGH(__CLEAR_SRAM_SIZE)
000047 e6a0      	LDI  R26,__SRAM_START
                 __CLEAR_SRAM:
000048 93ed      	ST   X+,R30
000049 9701      	SBIW R24,1
00004a f7e9      	BRNE __CLEAR_SRAM
                 
                 ;HARDWARE STACK POINTER INITIALIZATION
00004b e5ef      	LDI  R30,LOW(__SRAM_END-__HEAP_SIZE)
00004c bfed      	OUT  SPL,R30
00004d e0e8      	LDI  R30,HIGH(__SRAM_END-__HEAP_SIZE)
00004e bfee      	OUT  SPH,R30
                 
                 ;DATA STACK POINTER INITIALIZATION
00004f e6c0      	LDI  R28,LOW(__SRAM_START+__DSTACK_SIZE)
000050 e0d2      	LDI  R29,HIGH(__SRAM_START+__DSTACK_SIZE)
                 
000051 940c 0060 	JMP  _main
                 
                 	.ESEG
                 	.ORG 0
                 
                 	.DSEG
                 	.ORG 0x260
                 
                 	.CSEG
                 ;/*******************************************************
                 ;This program was created by the
                 ;CodeWizardAVR V3.14 Advanced
                 ;Automatic Program Generator
                 ;© Copyright 1998-2014 Pavel Haiduc, HP InfoTech s.r.l.
                 ;http://www.hpinfotech.com
                 ;
                 ;Project :
                 ;Version :
                 ;Date    : 6/13/2025
                 ;Author  :
                 ;Company :
                 ;Comments:
                 ;
                 ;
                 ;Chip type               : ATmega32A
                 ;Program type            : Application
                 ;AVR Core Clock frequency: 2.000000 MHz
                 ;Memory model            : Small
                 ;External RAM size       : 0
                 ;Data Stack size         : 512
                 ;*******************************************************/
                 ;
                 ;#include <mega32a.h>
                 	#ifndef __SLEEP_DEFINED__
                 	#define __SLEEP_DEFINED__
                 	.EQU __se_bit=0x80
                 	.EQU __sm_mask=0x70
                 	.EQU __sm_powerdown=0x20
                 	.EQU __sm_powersave=0x30
                 	.EQU __sm_standby=0x60
                 	.EQU __sm_ext_standby=0x70
                 	.EQU __sm_adc_noise_red=0x10
                 	.SET power_ctrl_reg=mcucr
                 	#endif
                 ;
                 ;#include <delay.h>
                 ;
                 ;// Declare your global variables here
                 ;
                 ;// Standard Input/Output functions
                 ;#include <stdio.h>
                 ;
                 ;// Voltage Reference: AREF pin
                 ;#define ADC_VREF_TYPE ((0<<REFS1) | (0<<REFS0) | (0<<ADLAR))
                 ;
                 ;// Read the AD conversion result
                 ;unsigned int read_adc(unsigned char adc_input)
                 ; 0000 0026 {
                 
                 	.CSEG
                 _read_adc:
                 ; .FSTART _read_adc
                 ; 0000 0027 ADMUX=adc_input | ADC_VREF_TYPE;
000053 93aa      	ST   -Y,R26
                 ;	adc_input -> Y+0
000054 81e8      	LD   R30,Y
000055 b9e7      	OUT  0x7,R30
                 ; 0000 0028 // Delay needed for the stabilization of the ADC input voltage
                 ; 0000 0029 delay_us(10);
                +
000056 e087     +LDI R24 , LOW ( 7 )
                +__DELAY_USB_LOOP :
000057 958a     +DEC R24
000058 f7f1     +BRNE __DELAY_USB_LOOP
                 	__DELAY_USB 7
                 ; 0000 002A // Start the AD conversion
                 ; 0000 002B ADCSRA|=(1<<ADSC);
000059 9a36      	SBI  0x6,6
                 ; 0000 002C // Wait for the AD conversion to complete
                 ; 0000 002D while ((ADCSRA & (1<<ADIF))==0);
                 _0x3:
00005a 9b34      	SBIS 0x6,4
00005b cffe      	RJMP _0x3
                 ; 0000 002E ADCSRA|=(1<<ADIF);
00005c 9a34      	SBI  0x6,4
                 ; 0000 002F return ADCW;
00005d b1e4      	IN   R30,0x4
00005e b1f5      	IN   R31,0x4+1
00005f c080      	RJMP _0x2060002
                 ; 0000 0030 }
                 ; .FEND
                 ;
                 ;void main(void)
                 ; 0000 0033 {
                 _main:
                 ; .FSTART _main
                 ; 0000 0034 // Declare your local variables here
                 ; 0000 0035  int adc_value;
                 ; 0000 0036  float temp;
                 ; 0000 0037  char str[16];
                 ; 0000 0038  int i;
                 ; 0000 0039 
                 ; 0000 003A 
                 ; 0000 003B 
                 ; 0000 003C 
                 ; 0000 003D 
                 ; 0000 003E 
                 ; 0000 003F // Input/Output Ports initialization
                 ; 0000 0040 // Port A initialization
                 ; 0000 0041 // Function: Bit7=In Bit6=In Bit5=In Bit4=In Bit3=In Bit2=In Bit1=In Bit0=In
                 ; 0000 0042 DDRA=(0<<DDA7) | (0<<DDA6) | (0<<DDA5) | (0<<DDA4) | (0<<DDA3) | (0<<DDA2) | (0<<DDA1) | (0<<DDA0);
000060 9764      	SBIW R28,20
                 ;	adc_value -> R16,R17
                 ;	temp -> Y+16
                 ;	str -> Y+0
                 ;	i -> R18,R19
000061 e0e0      	LDI  R30,LOW(0)
000062 bbea      	OUT  0x1A,R30
                 ; 0000 0043 // State: Bit7=T Bit6=T Bit5=T Bit4=T Bit3=T Bit2=T Bit1=T Bit0=T
                 ; 0000 0044 PORTA=(0<<PORTA7) | (0<<PORTA6) | (0<<PORTA5) | (0<<PORTA4) | (0<<PORTA3) | (0<<PORTA2) | (0<<PORTA1) | (0<<PORTA0);
000063 bbeb      	OUT  0x1B,R30
                 ; 0000 0045 
                 ; 0000 0046 // Port B initialization
                 ; 0000 0047 // Function: Bit7=In Bit6=In Bit5=In Bit4=In Bit3=In Bit2=In Bit1=In Bit0=In
                 ; 0000 0048 DDRB=(0<<DDB7) | (0<<DDB6) | (0<<DDB5) | (0<<DDB4) | (0<<DDB3) | (0<<DDB2) | (0<<DDB1) | (0<<DDB0);
000064 bbe7      	OUT  0x17,R30
                 ; 0000 0049 // State: Bit7=T Bit6=T Bit5=T Bit4=T Bit3=T Bit2=T Bit1=T Bit0=T
                 ; 0000 004A PORTB=(0<<PORTB7) | (0<<PORTB6) | (0<<PORTB5) | (0<<PORTB4) | (0<<PORTB3) | (0<<PORTB2) | (0<<PORTB1) | (0<<PORTB0);
000065 bbe8      	OUT  0x18,R30
                 ; 0000 004B 
                 ; 0000 004C // Port C initialization
                 ; 0000 004D // Function: Bit7=In Bit6=In Bit5=In Bit4=In Bit3=In Bit2=In Bit1=In Bit0=In
                 ; 0000 004E DDRC=(0<<DDC7) | (0<<DDC6) | (0<<DDC5) | (0<<DDC4) | (0<<DDC3) | (0<<DDC2) | (0<<DDC1) | (0<<DDC0);
000066 bbe4      	OUT  0x14,R30
                 ; 0000 004F // State: Bit7=T Bit6=T Bit5=T Bit4=T Bit3=T Bit2=T Bit1=T Bit0=T
                 ; 0000 0050 PORTC=(0<<PORTC7) | (0<<PORTC6) | (0<<PORTC5) | (0<<PORTC4) | (0<<PORTC3) | (0<<PORTC2) | (0<<PORTC1) | (0<<PORTC0);
000067 bbe5      	OUT  0x15,R30
                 ; 0000 0051 
                 ; 0000 0052 // Port D initialization
                 ; 0000 0053 // Function: Bit7=In Bit6=In Bit5=In Bit4=In Bit3=In Bit2=In Bit1=In Bit0=In
                 ; 0000 0054 DDRD=(0<<DDD7) | (0<<DDD6) | (0<<DDD5) | (0<<DDD4) | (0<<DDD3) | (0<<DDD2) | (0<<DDD1) | (0<<DDD0);
000068 bbe1      	OUT  0x11,R30
                 ; 0000 0055 // State: Bit7=T Bit6=T Bit5=T Bit4=T Bit3=T Bit2=T Bit1=T Bit0=T
                 ; 0000 0056 PORTD=(0<<PORTD7) | (0<<PORTD6) | (0<<PORTD5) | (0<<PORTD4) | (0<<PORTD3) | (0<<PORTD2) | (0<<PORTD1) | (0<<PORTD0);
000069 bbe2      	OUT  0x12,R30
                 ; 0000 0057 
                 ; 0000 0058 // Timer/Counter 0 initialization
                 ; 0000 0059 // Clock source: System Clock
                 ; 0000 005A // Clock value: Timer 0 Stopped
                 ; 0000 005B // Mode: Normal top=0xFF
                 ; 0000 005C // OC0 output: Disconnected
                 ; 0000 005D TCCR0=(0<<WGM00) | (0<<COM01) | (0<<COM00) | (0<<WGM01) | (0<<CS02) | (0<<CS01) | (0<<CS00);
00006a bfe3      	OUT  0x33,R30
                 ; 0000 005E TCNT0=0x00;
00006b bfe2      	OUT  0x32,R30
                 ; 0000 005F OCR0=0x00;
00006c bfec      	OUT  0x3C,R30
                 ; 0000 0060 
                 ; 0000 0061 // Timer/Counter 1 initialization
                 ; 0000 0062 // Clock source: System Clock
                 ; 0000 0063 // Clock value: Timer1 Stopped
                 ; 0000 0064 // Mode: Normal top=0xFFFF
                 ; 0000 0065 // OC1A output: Disconnected
                 ; 0000 0066 // OC1B output: Disconnected
                 ; 0000 0067 // Noise Canceler: Off
                 ; 0000 0068 // Input Capture on Falling Edge
                 ; 0000 0069 // Timer1 Overflow Interrupt: Off
                 ; 0000 006A // Input Capture Interrupt: Off
                 ; 0000 006B // Compare A Match Interrupt: Off
                 ; 0000 006C // Compare B Match Interrupt: Off
                 ; 0000 006D TCCR1A=(0<<COM1A1) | (0<<COM1A0) | (0<<COM1B1) | (0<<COM1B0) | (0<<WGM11) | (0<<WGM10);
00006d bdef      	OUT  0x2F,R30
                 ; 0000 006E TCCR1B=(0<<ICNC1) | (0<<ICES1) | (0<<WGM13) | (0<<WGM12) | (0<<CS12) | (0<<CS11) | (0<<CS10);
00006e bdee      	OUT  0x2E,R30
                 ; 0000 006F TCNT1H=0x00;
00006f bded      	OUT  0x2D,R30
                 ; 0000 0070 TCNT1L=0x00;
000070 bdec      	OUT  0x2C,R30
                 ; 0000 0071 ICR1H=0x00;
000071 bde7      	OUT  0x27,R30
                 ; 0000 0072 ICR1L=0x00;
000072 bde6      	OUT  0x26,R30
                 ; 0000 0073 OCR1AH=0x00;
000073 bdeb      	OUT  0x2B,R30
                 ; 0000 0074 OCR1AL=0x00;
000074 bdea      	OUT  0x2A,R30
                 ; 0000 0075 OCR1BH=0x00;
000075 bde9      	OUT  0x29,R30
                 ; 0000 0076 OCR1BL=0x00;
000076 bde8      	OUT  0x28,R30
                 ; 0000 0077 
                 ; 0000 0078 // Timer/Counter 2 initialization
                 ; 0000 0079 // Clock source: System Clock
                 ; 0000 007A // Clock value: Timer2 Stopped
                 ; 0000 007B // Mode: Normal top=0xFF
                 ; 0000 007C // OC2 output: Disconnected
                 ; 0000 007D ASSR=0<<AS2;
000077 bde2      	OUT  0x22,R30
                 ; 0000 007E TCCR2=(0<<PWM2) | (0<<COM21) | (0<<COM20) | (0<<CTC2) | (0<<CS22) | (0<<CS21) | (0<<CS20);
000078 bde5      	OUT  0x25,R30
                 ; 0000 007F TCNT2=0x00;
000079 bde4      	OUT  0x24,R30
                 ; 0000 0080 OCR2=0x00;
00007a bde3      	OUT  0x23,R30
                 ; 0000 0081 
                 ; 0000 0082 // Timer(s)/Counter(s) Interrupt(s) initialization
                 ; 0000 0083 TIMSK=(0<<OCIE2) | (0<<TOIE2) | (0<<TICIE1) | (0<<OCIE1A) | (0<<OCIE1B) | (0<<TOIE1) | (0<<OCIE0) | (0<<TOIE0);
00007b bfe9      	OUT  0x39,R30
                 ; 0000 0084 
                 ; 0000 0085 // External Interrupt(s) initialization
                 ; 0000 0086 // INT0: Off
                 ; 0000 0087 // INT1: Off
                 ; 0000 0088 // INT2: Off
                 ; 0000 0089 MCUCR=(0<<ISC11) | (0<<ISC10) | (0<<ISC01) | (0<<ISC00);
00007c bfe5      	OUT  0x35,R30
                 ; 0000 008A MCUCSR=(0<<ISC2);
00007d bfe4      	OUT  0x34,R30
                 ; 0000 008B 
                 ; 0000 008C // USART initialization
                 ; 0000 008D // Communication Parameters: 8 Data, 1 Stop, No Parity
                 ; 0000 008E // USART Receiver: Off
                 ; 0000 008F // USART Transmitter: On
                 ; 0000 0090 // USART Mode: Asynchronous
                 ; 0000 0091 // USART Baud Rate: 9600
                 ; 0000 0092 UCSRA=(0<<RXC) | (0<<TXC) | (0<<UDRE) | (0<<FE) | (0<<DOR) | (0<<UPE) | (0<<U2X) | (0<<MPCM);
00007e b9eb      	OUT  0xB,R30
                 ; 0000 0093 UCSRB=(0<<RXCIE) | (0<<TXCIE) | (0<<UDRIE) | (0<<RXEN) | (1<<TXEN) | (0<<UCSZ2) | (0<<RXB8) | (0<<TXB8);
00007f e0e8      	LDI  R30,LOW(8)
000080 b9ea      	OUT  0xA,R30
                 ; 0000 0094 UCSRC=(1<<URSEL) | (0<<UMSEL) | (0<<UPM1) | (0<<UPM0) | (0<<USBS) | (1<<UCSZ1) | (1<<UCSZ0) | (0<<UCPOL);
000081 e8e6      	LDI  R30,LOW(134)
000082 bde0      	OUT  0x20,R30
                 ; 0000 0095 UBRRH=0x00;
000083 e0e0      	LDI  R30,LOW(0)
000084 bde0      	OUT  0x20,R30
                 ; 0000 0096 UBRRL=0x0C;
000085 e0ec      	LDI  R30,LOW(12)
000086 b9e9      	OUT  0x9,R30
                 ; 0000 0097 
                 ; 0000 0098 // Analog Comparator initialization
                 ; 0000 0099 // Analog Comparator: Off
                 ; 0000 009A // The Analog Comparator's positive input is
                 ; 0000 009B // connected to the AIN0 pin
                 ; 0000 009C // The Analog Comparator's negative input is
                 ; 0000 009D // connected to the AIN1 pin
                 ; 0000 009E ACSR=(1<<ACD) | (0<<ACBG) | (0<<ACO) | (0<<ACI) | (0<<ACIE) | (0<<ACIC) | (0<<ACIS1) | (0<<ACIS0);
000087 e8e0      	LDI  R30,LOW(128)
000088 b9e8      	OUT  0x8,R30
                 ; 0000 009F 
                 ; 0000 00A0 // ADC initialization
                 ; 0000 00A1 // ADC Clock frequency: 1000.000 kHz
                 ; 0000 00A2 // ADC Voltage Reference: AREF pin
                 ; 0000 00A3 // ADC Auto Trigger Source: ADC Stopped
                 ; 0000 00A4 ADMUX=ADC_VREF_TYPE;
000089 e0e0      	LDI  R30,LOW(0)
00008a b9e7      	OUT  0x7,R30
                 ; 0000 00A5 ADCSRA=(1<<ADEN) | (0<<ADSC) | (0<<ADATE) | (0<<ADIF) | (0<<ADIE) | (0<<ADPS2) | (0<<ADPS1) | (1<<ADPS0);
00008b e8e1      	LDI  R30,LOW(129)
00008c b9e6      	OUT  0x6,R30
                 ; 0000 00A6 SFIOR=(0<<ADTS2) | (0<<ADTS1) | (0<<ADTS0);
00008d e0e0      	LDI  R30,LOW(0)
00008e bfe0      	OUT  0x30,R30
                 ; 0000 00A7 
                 ; 0000 00A8 // SPI initialization
                 ; 0000 00A9 // SPI disabled
                 ; 0000 00AA SPCR=(0<<SPIE) | (0<<SPE) | (0<<DORD) | (0<<MSTR) | (0<<CPOL) | (0<<CPHA) | (0<<SPR1) | (0<<SPR0);
00008f b9ed      	OUT  0xD,R30
                 ; 0000 00AB 
                 ; 0000 00AC // TWI initialization
                 ; 0000 00AD // TWI disabled
                 ; 0000 00AE TWCR=(0<<TWEA) | (0<<TWSTA) | (0<<TWSTO) | (0<<TWEN) | (0<<TWIE);
000090 bfe6      	OUT  0x36,R30
                 ; 0000 00AF 
                 ; 0000 00B0 while (1)
                 _0x6:
                 ; 0000 00B1       {
                 ; 0000 00B2       adc_value= read_adc(0);
000091 e0a0      	LDI  R26,LOW(0)
000092 dfc0      	RCALL _read_adc
000093 018f      	MOVW R16,R30
                 ; 0000 00B3 
                 ; 0000 00B4       temp = adc_value * 500.0;
000094 940e 03d9 	CALL __CWD1
000096 940e 0308 	CALL __CDF1
                +
000098 e0a0     +LDI R26 , LOW ( 0x43FA0000 )
000099 e0b0     +LDI R27 , HIGH ( 0x43FA0000 )
00009a ef8a     +LDI R24 , BYTE3 ( 0x43FA0000 )
00009b e493     +LDI R25 , BYTE4 ( 0x43FA0000 )
                 	__GETD2N 0x43FA0000
00009c 940e 0336 	CALL __MULF12
                +
00009e 8be8     +STD Y + 16 , R30
00009f 8bf9     +STD Y + 16 + 1 , R31
0000a0 8b6a     +STD Y + 16 + 2 , R22
0000a1 8b7b     +STD Y + 16 + 3 , R23
                 	__PUTD1S 16
                 ; 0000 00B5       temp = temp / 1023;
                +
0000a2 89a8     +LDD R26 , Y + 16
0000a3 89b9     +LDD R27 , Y + 16 + 1
0000a4 898a     +LDD R24 , Y + 16 + 2
0000a5 899b     +LDD R25 , Y + 16 + 3
                 	__GETD2S 16
                +
0000a6 e0e0     +LDI R30 , LOW ( 0x447FC000 )
0000a7 ecf0     +LDI R31 , HIGH ( 0x447FC000 )
0000a8 e76f     +LDI R22 , BYTE3 ( 0x447FC000 )
0000a9 e474     +LDI R23 , BYTE4 ( 0x447FC000 )
                 	__GETD1N 0x447FC000
0000aa 940e 0384 	CALL __DIVF21
                +
0000ac 8be8     +STD Y + 16 , R30
0000ad 8bf9     +STD Y + 16 + 1 , R31
0000ae 8b6a     +STD Y + 16 + 2 , R22
0000af 8b7b     +STD Y + 16 + 3 , R23
                 	__PUTD1S 16
                 ; 0000 00B6 
                 ; 0000 00B7       sprintf(str,"T: %2.2f \n",temp);
0000b0 01fe      	MOVW R30,R28
0000b1 93fa      	ST   -Y,R31
0000b2 93ea      	ST   -Y,R30
                +
0000b3 e6e6     +LDI R30 , LOW ( 2 * _0x0 + ( 0 ) )
0000b4 e0f0     +LDI R31 , HIGH ( 2 * _0x0 + ( 0 ) )
                 	__POINTW1FN _0x0,0
0000b5 93fa      	ST   -Y,R31
0000b6 93ea      	ST   -Y,R30
                +
0000b7 89ec     +LDD R30 , Y + 20
0000b8 89fd     +LDD R31 , Y + 20 + 1
0000b9 896e     +LDD R22 , Y + 20 + 2
0000ba 897f     +LDD R23 , Y + 20 + 3
                 	__GETD1S 20
0000bb 940e 03e6 	CALL __PUTPARD1
0000bd e084      	LDI  R24,4
0000be 940e 0256 	CALL _sprintf
0000c0 9628      	ADIW R28,8
                 ; 0000 00B8 
                 ; 0000 00B9 
                 ; 0000 00BA 
                 ; 0000 00BB       for(i=0;i<16;i++){
                +
0000c1 e020     +LDI R18 , LOW ( 0 )
0000c2 e030     +LDI R19 , HIGH ( 0 )
                 	__GETWRN 18,19,0
                 _0xA:
                +
0000c3 3120     +CPI R18 , LOW ( 16 )
0000c4 e0e0     +LDI R30 , HIGH ( 16 )
0000c5 073e     +CPC R19 , R30
                 	__CPWRN 18,19,16
0000c6 f474      	BRGE _0xB
                 ; 0000 00BC         putchar(str[i]);
0000c7 01de      	MOVW R26,R28
0000c8 0fa2      	ADD  R26,R18
0000c9 1fb3      	ADC  R27,R19
0000ca 91ac      	LD   R26,X
0000cb d00f      	RCALL _putchar
                 ; 0000 00BD         if (str[i]==0)
0000cc 01de      	MOVW R26,R28
0000cd 0fa2      	ADD  R26,R18
0000ce 1fb3      	ADC  R27,R19
0000cf 91ec      	LD   R30,X
0000d0 30e0      	CPI  R30,0
0000d1 f019      	BREQ _0xB
                 ; 0000 00BE             break;
                 ; 0000 00BF       }
                +
0000d2 5f2f     +SUBI R18 , LOW ( - 1 )
0000d3 4f3f     +SBCI R19 , HIGH ( - 1 )
                 	__ADDWRN 18,19,1
0000d4 cfee      	RJMP _0xA
                 _0xB:
                 ; 0000 00C0 
                 ; 0000 00C1       delay_ms(500);
0000d5 efa4      	LDI  R26,LOW(500)
0000d6 e0b1      	LDI  R27,HIGH(500)
0000d7 940e 02cf 	CALL _delay_ms
                 ; 0000 00C2 
                 ; 0000 00C3 
                 ; 0000 00C4 
                 ; 0000 00C5       }
0000d9 cfb7      	RJMP _0x6
                 ; 0000 00C6 }
                 _0xD:
0000da cfff      	RJMP _0xD
                 ; .FEND
                 	#ifndef __SLEEP_DEFINED__
                 	#endif
                 
                 	.CSEG
                 _putchar:
                 ; .FSTART _putchar
0000db 93aa      	ST   -Y,R26
                 putchar0:
0000dc 9b5d           sbis usr,udre
0000dd cffe           rjmp putchar0
0000de 81e8           ld   r30,y
0000df b9ec           out  udr,r30
                 _0x2060002:
0000e0 9621      	ADIW R28,1
0000e1 9508      	RET
                 ; .FEND
                 _put_buff_G100:
                 ; .FSTART _put_buff_G100
0000e2 93ba      	ST   -Y,R27
0000e3 93aa      	ST   -Y,R26
0000e4 931a      	ST   -Y,R17
0000e5 930a      	ST   -Y,R16
0000e6 81aa      	LDD  R26,Y+2
0000e7 81bb      	LDD  R27,Y+2+1
0000e8 9612      	ADIW R26,2
0000e9 940e 03de 	CALL __GETW1P
0000eb 9730      	SBIW R30,0
0000ec f159      	BREQ _0x2000010
0000ed 81aa      	LDD  R26,Y+2
0000ee 81bb      	LDD  R27,Y+2+1
0000ef 9614      	ADIW R26,4
0000f0 940e 03de 	CALL __GETW1P
0000f2 018f      	MOVW R16,R30
0000f3 9730      	SBIW R30,0
0000f4 f061      	BREQ _0x2000012
                +
0000f5 3002     +CPI R16 , LOW ( 2 )
0000f6 e0e0     +LDI R30 , HIGH ( 2 )
0000f7 071e     +CPC R17 , R30
                 	__CPWRN 16,17,2
0000f8 f098      	BRLO _0x2000013
0000f9 01f8      	MOVW R30,R16
0000fa 9731      	SBIW R30,1
0000fb 018f      	MOVW R16,R30
                +
0000fc 81aa     +LDD R26 , Y + 2
0000fd 81bb     +LDD R27 , Y + 2 + 1
0000fe 9614     +ADIW R26 , 4
0000ff 93ed     +ST X + , R30
000100 93fc     +ST X , R31
                 	__PUTW1SNS 2,4
                 _0x2000012:
000101 81aa      	LDD  R26,Y+2
000102 81bb      	LDD  R27,Y+2+1
000103 9612      	ADIW R26,2
000104 91ed      	LD   R30,X+
000105 91fd      	LD   R31,X+
000106 9631      	ADIW R30,1
000107 93fe      	ST   -X,R31
000108 93ee      	ST   -X,R30
000109 9731      	SBIW R30,1
00010a 81ac      	LDD  R26,Y+4
00010b 83a0      	STD  Z+0,R26
                 _0x2000013:
00010c 81aa      	LDD  R26,Y+2
00010d 81bb      	LDD  R27,Y+2+1
00010e 940e 03de 	CALL __GETW1P
000110 23ff      	TST  R31
000111 f02a      	BRMI _0x2000014
000112 91ed      	LD   R30,X+
000113 91fd      	LD   R31,X+
000114 9631      	ADIW R30,1
000115 93fe      	ST   -X,R31
000116 93ee      	ST   -X,R30
                 _0x2000014:
000117 c006      	RJMP _0x2000015
                 _0x2000010:
000118 81aa      	LDD  R26,Y+2
000119 81bb      	LDD  R27,Y+2+1
00011a efef      	LDI  R30,LOW(65535)
00011b efff      	LDI  R31,HIGH(65535)
00011c 93ed      	ST   X+,R30
00011d 93fc      	ST   X,R31
                 _0x2000015:
00011e 8119      	LDD  R17,Y+1
00011f 8108      	LDD  R16,Y+0
000120 9625      	ADIW R28,5
000121 9508      	RET
                 ; .FEND
                 __print_G100:
                 ; .FSTART __print_G100
000122 93ba      	ST   -Y,R27
000123 93aa      	ST   -Y,R26
000124 9726      	SBIW R28,6
000125 940e 03eb 	CALL __SAVELOCR6
000127 e010      	LDI  R17,0
000128 85ac      	LDD  R26,Y+12
000129 85bd      	LDD  R27,Y+12+1
00012a e0e0      	LDI  R30,LOW(0)
00012b e0f0      	LDI  R31,HIGH(0)
00012c 93ed      	ST   X+,R30
00012d 93fc      	ST   X,R31
                 _0x2000016:
00012e 89ea      	LDD  R30,Y+18
00012f 89fb      	LDD  R31,Y+18+1
000130 9631      	ADIW R30,1
000131 8bea      	STD  Y+18,R30
000132 8bfb      	STD  Y+18+1,R31
000133 9731      	SBIW R30,1
000134 91e4      	LPM  R30,Z
000135 2f2e      	MOV  R18,R30
000136 30e0      	CPI  R30,0
000137 f409      	BRNE PC+2
000138 c115      	RJMP _0x2000018
000139 2fe1      	MOV  R30,R17
00013a 30e0      	CPI  R30,0
00013b f439      	BRNE _0x200001C
00013c 3225      	CPI  R18,37
00013d f411      	BRNE _0x200001D
00013e e011      	LDI  R17,LOW(1)
00013f c002      	RJMP _0x200001E
                 _0x200001D:
000140 940e 02a3 	CALL SUBOPT_0x0
                 _0x200001E:
000142 c10a      	RJMP _0x200001B
                 _0x200001C:
000143 30e1      	CPI  R30,LOW(0x1)
000144 f4a9      	BRNE _0x200001F
000145 3225      	CPI  R18,37
000146 f419      	BRNE _0x2000020
000147 940e 02a3 	CALL SUBOPT_0x0
000149 c102      	RJMP _0x20000CC
                 _0x2000020:
00014a e012      	LDI  R17,LOW(2)
00014b e040      	LDI  R20,LOW(0)
00014c e000      	LDI  R16,LOW(0)
00014d 322d      	CPI  R18,45
00014e f411      	BRNE _0x2000021
00014f e001      	LDI  R16,LOW(1)
000150 c0fc      	RJMP _0x200001B
                 _0x2000021:
000151 322b      	CPI  R18,43
000152 f411      	BRNE _0x2000022
000153 e24b      	LDI  R20,LOW(43)
000154 c0f8      	RJMP _0x200001B
                 _0x2000022:
000155 3220      	CPI  R18,32
000156 f411      	BRNE _0x2000023
000157 e240      	LDI  R20,LOW(32)
000158 c0f4      	RJMP _0x200001B
                 _0x2000023:
000159 c002      	RJMP _0x2000024
                 _0x200001F:
00015a 30e2      	CPI  R30,LOW(0x2)
00015b f439      	BRNE _0x2000025
                 _0x2000024:
00015c e050      	LDI  R21,LOW(0)
00015d e013      	LDI  R17,LOW(3)
00015e 3320      	CPI  R18,48
00015f f411      	BRNE _0x2000026
000160 6800      	ORI  R16,LOW(128)
000161 c0eb      	RJMP _0x200001B
                 _0x2000026:
000162 c003      	RJMP _0x2000027
                 _0x2000025:
000163 30e3      	CPI  R30,LOW(0x3)
000164 f009      	BREQ PC+2
000165 c0e7      	RJMP _0x200001B
                 _0x2000027:
000166 3320      	CPI  R18,48
000167 f010      	BRLO _0x200002A
000168 332a      	CPI  R18,58
000169 f008      	BRLO _0x200002B
                 _0x200002A:
00016a c007      	RJMP _0x2000029
                 _0x200002B:
00016b e0aa      	LDI  R26,LOW(10)
00016c 9f5a      	MUL  R21,R26
00016d 2d50      	MOV  R21,R0
00016e 2fe2      	MOV  R30,R18
00016f 53e0      	SUBI R30,LOW(48)
000170 0f5e      	ADD  R21,R30
000171 c0db      	RJMP _0x200001B
                 _0x2000029:
000172 2fe2      	MOV  R30,R18
000173 36e3      	CPI  R30,LOW(0x63)
000174 f449      	BRNE _0x200002F
000175 940e 02aa 	CALL SUBOPT_0x1
000177 89e8      	LDD  R30,Y+16
000178 89f9      	LDD  R31,Y+16+1
000179 81a4      	LDD  R26,Z+4
00017a 93aa      	ST   -Y,R26
00017b 940e 02b0 	CALL SUBOPT_0x2
00017d c0ce      	RJMP _0x2000030
                 _0x200002F:
00017e 37e3      	CPI  R30,LOW(0x73)
00017f f441      	BRNE _0x2000032
000180 940e 02aa 	CALL SUBOPT_0x1
000182 940e 02b6 	CALL SUBOPT_0x3
000184 940e 028a 	CALL _strlen
000186 2f1e      	MOV  R17,R30
000187 c00a      	RJMP _0x2000033
                 _0x2000032:
000188 37e0      	CPI  R30,LOW(0x70)
000189 f461      	BRNE _0x2000035
00018a 940e 02aa 	CALL SUBOPT_0x1
00018c 940e 02b6 	CALL SUBOPT_0x3
00018e 940e 0296 	CALL _strlenf
000190 2f1e      	MOV  R17,R30
000191 6008      	ORI  R16,LOW(8)
                 _0x2000033:
000192 6002      	ORI  R16,LOW(2)
000193 770f      	ANDI R16,LOW(127)
000194 e030      	LDI  R19,LOW(0)
000195 c034      	RJMP _0x2000036
                 _0x2000035:
000196 36e4      	CPI  R30,LOW(0x64)
000197 f011      	BREQ _0x2000039
000198 36e9      	CPI  R30,LOW(0x69)
000199 f411      	BRNE _0x200003A
                 _0x2000039:
00019a 6004      	ORI  R16,LOW(4)
00019b c002      	RJMP _0x200003B
                 _0x200003A:
00019c 37e5      	CPI  R30,LOW(0x75)
00019d f431      	BRNE _0x200003C
                 _0x200003B:
00019e e5e4      	LDI  R30,LOW(_tbl10_G100*2)
00019f e0f0      	LDI  R31,HIGH(_tbl10_G100*2)
0001a0 83ee      	STD  Y+6,R30
0001a1 83ff      	STD  Y+6+1,R31
0001a2 e015      	LDI  R17,LOW(5)
0001a3 c00c      	RJMP _0x200003D
                 _0x200003C:
0001a4 35e8      	CPI  R30,LOW(0x58)
0001a5 f411      	BRNE _0x200003F
0001a6 6008      	ORI  R16,LOW(8)
0001a7 c003      	RJMP _0x2000040
                 _0x200003F:
0001a8 37e8      	CPI  R30,LOW(0x78)
0001a9 f009      	BREQ PC+2
0001aa c0a1      	RJMP _0x2000071
                 _0x2000040:
0001ab e5ee      	LDI  R30,LOW(_tbl16_G100*2)
0001ac e0f0      	LDI  R31,HIGH(_tbl16_G100*2)
0001ad 83ee      	STD  Y+6,R30
0001ae 83ff      	STD  Y+6+1,R31
0001af e014      	LDI  R17,LOW(4)
                 _0x200003D:
0001b0 ff02      	SBRS R16,2
0001b1 c014      	RJMP _0x2000042
0001b2 940e 02aa 	CALL SUBOPT_0x1
0001b4 940e 02c0 	CALL SUBOPT_0x4
0001b6 85ab      	LDD  R26,Y+11
0001b7 23aa      	TST  R26
0001b8 f43a      	BRPL _0x2000043
0001b9 85ea      	LDD  R30,Y+10
0001ba 85fb      	LDD  R31,Y+10+1
0001bb 940e 03cd 	CALL __ANEGW1
0001bd 87ea      	STD  Y+10,R30
0001be 87fb      	STD  Y+10+1,R31
0001bf e24d      	LDI  R20,LOW(45)
                 _0x2000043:
0001c0 3040      	CPI  R20,0
0001c1 f011      	BREQ _0x2000044
0001c2 5f1f      	SUBI R17,-LOW(1)
0001c3 c001      	RJMP _0x2000045
                 _0x2000044:
0001c4 7f0b      	ANDI R16,LOW(251)
                 _0x2000045:
0001c5 c004      	RJMP _0x2000046
                 _0x2000042:
0001c6 940e 02aa 	CALL SUBOPT_0x1
0001c8 940e 02c0 	CALL SUBOPT_0x4
                 _0x2000046:
                 _0x2000036:
0001ca fd00      	SBRC R16,0
0001cb c011      	RJMP _0x2000047
                 _0x2000048:
0001cc 1715      	CP   R17,R21
0001cd f478      	BRSH _0x200004A
0001ce ff07      	SBRS R16,7
0001cf c008      	RJMP _0x200004B
0001d0 ff02      	SBRS R16,2
0001d1 c004      	RJMP _0x200004C
0001d2 7f0b      	ANDI R16,LOW(251)
0001d3 2f24      	MOV  R18,R20
0001d4 5011      	SUBI R17,LOW(1)
0001d5 c001      	RJMP _0x200004D
                 _0x200004C:
0001d6 e320      	LDI  R18,LOW(48)
                 _0x200004D:
0001d7 c001      	RJMP _0x200004E
                 _0x200004B:
0001d8 e220      	LDI  R18,LOW(32)
                 _0x200004E:
0001d9 940e 02a3 	CALL SUBOPT_0x0
0001db 5051      	SUBI R21,LOW(1)
0001dc cfef      	RJMP _0x2000048
                 _0x200004A:
                 _0x2000047:
0001dd 2f31      	MOV  R19,R17
0001de ff01      	SBRS R16,1
0001df c017      	RJMP _0x200004F
                 _0x2000050:
0001e0 3030      	CPI  R19,0
0001e1 f0a1      	BREQ _0x2000052
0001e2 ff03      	SBRS R16,3
0001e3 c006      	RJMP _0x2000053
0001e4 81ee      	LDD  R30,Y+6
0001e5 81ff      	LDD  R31,Y+6+1
0001e6 9125      	LPM  R18,Z+
0001e7 83ee      	STD  Y+6,R30
0001e8 83ff      	STD  Y+6+1,R31
0001e9 c005      	RJMP _0x2000054
                 _0x2000053:
0001ea 81ae      	LDD  R26,Y+6
0001eb 81bf      	LDD  R27,Y+6+1
0001ec 912d      	LD   R18,X+
0001ed 83ae      	STD  Y+6,R26
0001ee 83bf      	STD  Y+6+1,R27
                 _0x2000054:
0001ef 940e 02a3 	CALL SUBOPT_0x0
0001f1 3050      	CPI  R21,0
0001f2 f009      	BREQ _0x2000055
0001f3 5051      	SUBI R21,LOW(1)
                 _0x2000055:
0001f4 5031      	SUBI R19,LOW(1)
0001f5 cfea      	RJMP _0x2000050
                 _0x2000052:
0001f6 c04b      	RJMP _0x2000056
                 _0x200004F:
                 _0x2000058:
0001f7 e320      	LDI  R18,LOW(48)
0001f8 81ee      	LDD  R30,Y+6
0001f9 81ff      	LDD  R31,Y+6+1
0001fa 940e 03e2 	CALL __GETW1PF
0001fc 87e8      	STD  Y+8,R30
0001fd 87f9      	STD  Y+8+1,R31
0001fe 81ee      	LDD  R30,Y+6
0001ff 81ff      	LDD  R31,Y+6+1
000200 9632      	ADIW R30,2
000201 83ee      	STD  Y+6,R30
000202 83ff      	STD  Y+6+1,R31
                 _0x200005A:
000203 85e8      	LDD  R30,Y+8
000204 85f9      	LDD  R31,Y+8+1
000205 85aa      	LDD  R26,Y+10
000206 85bb      	LDD  R27,Y+10+1
000207 17ae      	CP   R26,R30
000208 07bf      	CPC  R27,R31
000209 f050      	BRLO _0x200005C
00020a 5f2f      	SUBI R18,-LOW(1)
00020b 85a8      	LDD  R26,Y+8
00020c 85b9      	LDD  R27,Y+8+1
00020d 85ea      	LDD  R30,Y+10
00020e 85fb      	LDD  R31,Y+10+1
00020f 1bea      	SUB  R30,R26
000210 0bfb      	SBC  R31,R27
000211 87ea      	STD  Y+10,R30
000212 87fb      	STD  Y+10+1,R31
000213 cfef      	RJMP _0x200005A
                 _0x200005C:
000214 332a      	CPI  R18,58
000215 f028      	BRLO _0x200005D
000216 ff03      	SBRS R16,3
000217 c002      	RJMP _0x200005E
000218 5f29      	SUBI R18,-LOW(7)
000219 c001      	RJMP _0x200005F
                 _0x200005E:
00021a 5d29      	SUBI R18,-LOW(39)
                 _0x200005F:
                 _0x200005D:
00021b fd04      	SBRC R16,4
00021c c01a      	RJMP _0x2000061
00021d 3321      	CPI  R18,49
00021e f420      	BRSH _0x2000063
00021f 85a8      	LDD  R26,Y+8
000220 85b9      	LDD  R27,Y+8+1
000221 9711      	SBIW R26,1
000222 f409      	BRNE _0x2000062
                 _0x2000063:
000223 c009      	RJMP _0x20000CD
                 _0x2000062:
000224 1753      	CP   R21,R19
000225 f010      	BRLO _0x2000067
000226 ff00      	SBRS R16,0
000227 c001      	RJMP _0x2000068
                 _0x2000067:
000228 c013      	RJMP _0x2000066
                 _0x2000068:
000229 e220      	LDI  R18,LOW(32)
00022a ff07      	SBRS R16,7
00022b c00b      	RJMP _0x2000069
00022c e320      	LDI  R18,LOW(48)
                 _0x20000CD:
00022d 6100      	ORI  R16,LOW(16)
00022e ff02      	SBRS R16,2
00022f c007      	RJMP _0x200006A
000230 7f0b      	ANDI R16,LOW(251)
000231 934a      	ST   -Y,R20
000232 940e 02b0 	CALL SUBOPT_0x2
000234 3050      	CPI  R21,0
000235 f009      	BREQ _0x200006B
000236 5051      	SUBI R21,LOW(1)
                 _0x200006B:
                 _0x200006A:
                 _0x2000069:
                 _0x2000061:
000237 940e 02a3 	CALL SUBOPT_0x0
000239 3050      	CPI  R21,0
00023a f009      	BREQ _0x200006C
00023b 5051      	SUBI R21,LOW(1)
                 _0x200006C:
                 _0x2000066:
00023c 5031      	SUBI R19,LOW(1)
00023d 85a8      	LDD  R26,Y+8
00023e 85b9      	LDD  R27,Y+8+1
00023f 9712      	SBIW R26,2
000240 f008      	BRLO _0x2000059
000241 cfb5      	RJMP _0x2000058
                 _0x2000059:
                 _0x2000056:
000242 ff00      	SBRS R16,0
000243 c008      	RJMP _0x200006D
                 _0x200006E:
000244 3050      	CPI  R21,0
000245 f031      	BREQ _0x2000070
000246 5051      	SUBI R21,LOW(1)
000247 e2e0      	LDI  R30,LOW(32)
000248 93ea      	ST   -Y,R30
000249 940e 02b0 	CALL SUBOPT_0x2
00024b cff8      	RJMP _0x200006E
                 _0x2000070:
                 _0x200006D:
                 _0x2000071:
                 _0x2000030:
                 _0x20000CC:
00024c e010      	LDI  R17,LOW(0)
                 _0x200001B:
00024d cee0      	RJMP _0x2000016
                 _0x2000018:
00024e 85ac      	LDD  R26,Y+12
00024f 85bd      	LDD  R27,Y+12+1
000250 940e 03de 	CALL __GETW1P
000252 940e 03f2 	CALL __LOADLOCR6
000254 9664      	ADIW R28,20
000255 9508      	RET
                 ; .FEND
                 _sprintf:
                 ; .FSTART _sprintf
000256 92ff      	PUSH R15
000257 2ef8      	MOV  R15,R24
000258 9726      	SBIW R28,6
000259 940e 03ed 	CALL __SAVELOCR4
00025b 940e 02c8 	CALL SUBOPT_0x5
00025d 9730      	SBIW R30,0
00025e f419      	BRNE _0x2000072
00025f efef      	LDI  R30,LOW(65535)
000260 efff      	LDI  R31,HIGH(65535)
000261 c023      	RJMP _0x2060001
                 _0x2000072:
000262 01de      	MOVW R26,R28
000263 9616      	ADIW R26,6
000264 940e 03c9 	CALL __ADDW2R15
000266 018d      	MOVW R16,R26
000267 940e 02c8 	CALL SUBOPT_0x5
000269 83ee      	STD  Y+6,R30
00026a 83ff      	STD  Y+6+1,R31
00026b e0e0      	LDI  R30,LOW(0)
00026c 87e8      	STD  Y+8,R30
00026d 87e9      	STD  Y+8+1,R30
00026e 01de      	MOVW R26,R28
00026f 961a      	ADIW R26,10
000270 940e 03c9 	CALL __ADDW2R15
000272 940e 03de 	CALL __GETW1P
000274 93fa      	ST   -Y,R31
000275 93ea      	ST   -Y,R30
000276 931a      	ST   -Y,R17
000277 930a      	ST   -Y,R16
000278 eee2      	LDI  R30,LOW(_put_buff_G100)
000279 e0f0      	LDI  R31,HIGH(_put_buff_G100)
00027a 93fa      	ST   -Y,R31
00027b 93ea      	ST   -Y,R30
00027c 01de      	MOVW R26,R28
00027d 961a      	ADIW R26,10
00027e dea3      	RCALL __print_G100
00027f 019f      	MOVW R18,R30
000280 81ae      	LDD  R26,Y+6
000281 81bf      	LDD  R27,Y+6+1
000282 e0e0      	LDI  R30,LOW(0)
000283 93ec      	ST   X,R30
000284 01f9      	MOVW R30,R18
                 _0x2060001:
000285 940e 03f4 	CALL __LOADLOCR4
000287 962a      	ADIW R28,10
000288 90ff      	POP  R15
000289 9508      	RET
                 ; .FEND
                 
                 	.CSEG
                 
                 	.CSEG
                 _strlen:
                 ; .FSTART _strlen
00028a 93ba      	ST   -Y,R27
00028b 93aa      	ST   -Y,R26
00028c 91a9          ld   r26,y+
00028d 91b9          ld   r27,y+
00028e 27ee          clr  r30
00028f 27ff          clr  r31
                 strlen0:
000290 916d          ld   r22,x+
000291 2366          tst  r22
000292 f011          breq strlen1
000293 9631          adiw r30,1
000294 cffb          rjmp strlen0
                 strlen1:
000295 9508          ret
                 ; .FEND
                 _strlenf:
                 ; .FSTART _strlenf
000296 93ba      	ST   -Y,R27
000297 93aa      	ST   -Y,R26
000298 27aa          clr  r26
000299 27bb          clr  r27
00029a 91e9          ld   r30,y+
00029b 91f9          ld   r31,y+
                 strlenf0:
00029c 9005      	lpm  r0,z+
00029d 2000          tst  r0
00029e f011          breq strlenf1
00029f 9611          adiw r26,1
0002a0 cffb          rjmp strlenf0
                 strlenf1:
0002a1 01fd          movw r30,r26
0002a2 9508          ret
                 ; .FEND
                 
                 	.CSEG
                 ;OPTIMIZER ADDED SUBROUTINE, CALLED 5 TIMES, CODE SIZE REDUCTION:13 WORDS
                 SUBOPT_0x0:
0002a3 932a      	ST   -Y,R18
0002a4 85ad      	LDD  R26,Y+13
0002a5 85be      	LDD  R27,Y+13+1
0002a6 85ef      	LDD  R30,Y+15
0002a7 89f8      	LDD  R31,Y+15+1
0002a8 9509      	ICALL
0002a9 9508      	RET
                 
                 ;OPTIMIZER ADDED SUBROUTINE, CALLED 5 TIMES, CODE SIZE REDUCTION:9 WORDS
                 SUBOPT_0x1:
0002aa 89e8      	LDD  R30,Y+16
0002ab 89f9      	LDD  R31,Y+16+1
0002ac 9734      	SBIW R30,4
0002ad 8be8      	STD  Y+16,R30
0002ae 8bf9      	STD  Y+16+1,R31
0002af 9508      	RET
                 
                 ;OPTIMIZER ADDED SUBROUTINE, CALLED 3 TIMES, CODE SIZE REDUCTION:3 WORDS
                 SUBOPT_0x2:
0002b0 85ad      	LDD  R26,Y+13
0002b1 85be      	LDD  R27,Y+13+1
0002b2 85ef      	LDD  R30,Y+15
0002b3 89f8      	LDD  R31,Y+15+1
0002b4 9509      	ICALL
0002b5 9508      	RET
                 
                 ;OPTIMIZER ADDED SUBROUTINE, CALLED 2 TIMES, CODE SIZE REDUCTION:4 WORDS
                 SUBOPT_0x3:
0002b6 89a8      	LDD  R26,Y+16
0002b7 89b9      	LDD  R27,Y+16+1
0002b8 9614      	ADIW R26,4
0002b9 940e 03de 	CALL __GETW1P
0002bb 83ee      	STD  Y+6,R30
0002bc 83ff      	STD  Y+6+1,R31
0002bd 81ae      	LDD  R26,Y+6
0002be 81bf      	LDD  R27,Y+6+1
0002bf 9508      	RET
                 
                 ;OPTIMIZER ADDED SUBROUTINE, CALLED 2 TIMES, CODE SIZE REDUCTION:2 WORDS
                 SUBOPT_0x4:
0002c0 89a8      	LDD  R26,Y+16
0002c1 89b9      	LDD  R27,Y+16+1
0002c2 9614      	ADIW R26,4
0002c3 940e 03de 	CALL __GETW1P
0002c5 87ea      	STD  Y+10,R30
0002c6 87fb      	STD  Y+10+1,R31
0002c7 9508      	RET
                 
                 ;OPTIMIZER ADDED SUBROUTINE, CALLED 2 TIMES, CODE SIZE REDUCTION:1 WORDS
                 SUBOPT_0x5:
0002c8 01de      	MOVW R26,R28
0002c9 961c      	ADIW R26,12
0002ca 940e 03c9 	CALL __ADDW2R15
0002cc 940e 03de 	CALL __GETW1P
0002ce 9508      	RET
                 
                 
                 	.CSEG
                 _delay_ms:
0002cf 9610      	adiw r26,0
0002d0 f039      	breq __delay_ms1
                 __delay_ms0:
0002d1 95a8      	wdr
                +
0002d2 ef84     +LDI R24 , LOW ( 0x1F4 )
0002d3 e091     +LDI R25 , HIGH ( 0x1F4 )
                +__DELAY_USW_LOOP :
0002d4 9701     +SBIW R24 , 1
0002d5 f7f1     +BRNE __DELAY_USW_LOOP
                 	__DELAY_USW 0x1F4
0002d6 9711      	sbiw r26,1
0002d7 f7c9      	brne __delay_ms0
                 __delay_ms1:
0002d8 9508      	ret
                 
                 __ROUND_REPACK:
0002d9 2355      	TST  R21
0002da f442      	BRPL __REPACK
0002db 3850      	CPI  R21,0x80
0002dc f411      	BRNE __ROUND_REPACK0
0002dd ffe0      	SBRS R30,0
0002de c004      	RJMP __REPACK
                 __ROUND_REPACK0:
0002df 9631      	ADIW R30,1
0002e0 1f69      	ADC  R22,R25
0002e1 1f79      	ADC  R23,R25
0002e2 f06b      	BRVS __REPACK1
                 
                 __REPACK:
0002e3 e850      	LDI  R21,0x80
0002e4 2757      	EOR  R21,R23
0002e5 f411      	BRNE __REPACK0
0002e6 935f      	PUSH R21
0002e7 c03c      	RJMP __ZERORES
                 __REPACK0:
0002e8 3f5f      	CPI  R21,0xFF
0002e9 f031      	BREQ __REPACK1
0002ea 0f66      	LSL  R22
0002eb 0c00      	LSL  R0
0002ec 9557      	ROR  R21
0002ed 9567      	ROR  R22
0002ee 2f75      	MOV  R23,R21
0002ef 9508      	RET
                 __REPACK1:
0002f0 935f      	PUSH R21
0002f1 2000      	TST  R0
0002f2 f00a      	BRMI __REPACK2
0002f3 c03c      	RJMP __MAXRES
                 __REPACK2:
0002f4 c035      	RJMP __MINRES
                 
                 __UNPACK:
0002f5 e850      	LDI  R21,0x80
0002f6 2e19      	MOV  R1,R25
0002f7 2215      	AND  R1,R21
0002f8 0f88      	LSL  R24
0002f9 1f99      	ROL  R25
0002fa 2795      	EOR  R25,R21
0002fb 0f55      	LSL  R21
0002fc 9587      	ROR  R24
                 
                 __UNPACK1:
0002fd e850      	LDI  R21,0x80
0002fe 2e07      	MOV  R0,R23
0002ff 2205      	AND  R0,R21
000300 0f66      	LSL  R22
000301 1f77      	ROL  R23
000302 2775      	EOR  R23,R21
000303 0f55      	LSL  R21
000304 9567      	ROR  R22
000305 9508      	RET
                 
                 __CDF1U:
000306 9468      	SET
000307 c001      	RJMP __CDF1U0
                 __CDF1:
000308 94e8      	CLT
                 __CDF1U0:
000309 9730      	SBIW R30,0
00030a 4060      	SBCI R22,0
00030b 4070      	SBCI R23,0
00030c f0b1      	BREQ __CDF10
00030d 2400      	CLR  R0
00030e f026      	BRTS __CDF11
00030f 2377      	TST  R23
000310 f412      	BRPL __CDF11
000311 9400      	COM  R0
000312 d0be      	RCALL __ANEGD1
                 __CDF11:
000313 2e17      	MOV  R1,R23
000314 e17e      	LDI  R23,30
000315 2011      	TST  R1
                 __CDF12:
000316 f032      	BRMI __CDF13
000317 957a      	DEC  R23
000318 0fee      	LSL  R30
000319 1fff      	ROL  R31
00031a 1f66      	ROL  R22
00031b 1c11      	ROL  R1
00031c cff9      	RJMP __CDF12
                 __CDF13:
00031d 2fef      	MOV  R30,R31
00031e 2ff6      	MOV  R31,R22
00031f 2d61      	MOV  R22,R1
000320 935f      	PUSH R21
000321 dfc1      	RCALL __REPACK
000322 915f      	POP  R21
                 __CDF10:
000323 9508      	RET
                 
                 __ZERORES:
000324 27ee      	CLR  R30
000325 27ff      	CLR  R31
000326 2766      	CLR  R22
000327 2777      	CLR  R23
000328 915f      	POP  R21
000329 9508      	RET
                 
                 __MINRES:
00032a efef      	SER  R30
00032b efff      	SER  R31
00032c e76f      	LDI  R22,0x7F
00032d ef7f      	SER  R23
00032e 915f      	POP  R21
00032f 9508      	RET
                 
                 __MAXRES:
000330 efef      	SER  R30
000331 efff      	SER  R31
000332 e76f      	LDI  R22,0x7F
000333 e77f      	LDI  R23,0x7F
000334 915f      	POP  R21
000335 9508      	RET
                 
                 __MULF12:
000336 935f      	PUSH R21
000337 dfbd      	RCALL __UNPACK
000338 3870      	CPI  R23,0x80
000339 f351      	BREQ __ZERORES
00033a 3890      	CPI  R25,0x80
00033b f341      	BREQ __ZERORES
00033c 2401      	EOR  R0,R1
00033d 9408      	SEC
00033e 1f79      	ADC  R23,R25
00033f f423      	BRVC __MULF124
000340 f31c      	BRLT __ZERORES
                 __MULF125:
000341 2000      	TST  R0
000342 f33a      	BRMI __MINRES
000343 cfec      	RJMP __MAXRES
                 __MULF124:
000344 920f      	PUSH R0
000345 931f      	PUSH R17
000346 932f      	PUSH R18
000347 933f      	PUSH R19
000348 934f      	PUSH R20
000349 2711      	CLR  R17
00034a 2722      	CLR  R18
00034b 2799      	CLR  R25
00034c 9f68      	MUL  R22,R24
00034d 01a0      	MOVW R20,R0
00034e 9f8f      	MUL  R24,R31
00034f 2d30      	MOV  R19,R0
000350 0d41      	ADD  R20,R1
000351 1f59      	ADC  R21,R25
000352 9f6b      	MUL  R22,R27
000353 0d30      	ADD  R19,R0
000354 1d41      	ADC  R20,R1
000355 1f59      	ADC  R21,R25
000356 9f8e      	MUL  R24,R30
000357 d027      	RCALL __MULF126
000358 9fbf      	MUL  R27,R31
000359 d025      	RCALL __MULF126
00035a 9f6a      	MUL  R22,R26
00035b d023      	RCALL __MULF126
00035c 9fbe      	MUL  R27,R30
00035d d01d      	RCALL __MULF127
00035e 9faf      	MUL  R26,R31
00035f d01b      	RCALL __MULF127
000360 9fae      	MUL  R26,R30
000361 0d11      	ADD  R17,R1
000362 1f29      	ADC  R18,R25
000363 1f39      	ADC  R19,R25
000364 1f49      	ADC  R20,R25
000365 1f59      	ADC  R21,R25
000366 2fe3      	MOV  R30,R19
000367 2ff4      	MOV  R31,R20
000368 2f65      	MOV  R22,R21
000369 2f52      	MOV  R21,R18
00036a 914f      	POP  R20
00036b 913f      	POP  R19
00036c 912f      	POP  R18
00036d 911f      	POP  R17
00036e 900f      	POP  R0
00036f 2366      	TST  R22
000370 f02a      	BRMI __MULF122
000371 0f55      	LSL  R21
000372 1fee      	ROL  R30
000373 1fff      	ROL  R31
000374 1f66      	ROL  R22
000375 c002      	RJMP __MULF123
                 __MULF122:
000376 9573      	INC  R23
000377 f24b      	BRVS __MULF125
                 __MULF123:
000378 df60      	RCALL __ROUND_REPACK
000379 915f      	POP  R21
00037a 9508      	RET
                 
                 __MULF127:
00037b 0d10      	ADD  R17,R0
00037c 1d21      	ADC  R18,R1
00037d 1f39      	ADC  R19,R25
00037e c002      	RJMP __MULF128
                 __MULF126:
00037f 0d20      	ADD  R18,R0
000380 1d31      	ADC  R19,R1
                 __MULF128:
000381 1f49      	ADC  R20,R25
000382 1f59      	ADC  R21,R25
000383 9508      	RET
                 
                 __DIVF21:
000384 935f      	PUSH R21
000385 df6f      	RCALL __UNPACK
000386 3870      	CPI  R23,0x80
000387 f421      	BRNE __DIVF210
000388 2011      	TST  R1
                 __DIVF211:
000389 f40a      	BRPL __DIVF219
00038a cf9f      	RJMP __MINRES
                 __DIVF219:
00038b cfa4      	RJMP __MAXRES
                 __DIVF210:
00038c 3890      	CPI  R25,0x80
00038d f409      	BRNE __DIVF218
                 __DIVF217:
00038e cf95      	RJMP __ZERORES
                 __DIVF218:
00038f 2401      	EOR  R0,R1
000390 9408      	SEC
000391 0b97      	SBC  R25,R23
000392 f41b      	BRVC __DIVF216
000393 f3d4      	BRLT __DIVF217
000394 2000      	TST  R0
000395 cff3      	RJMP __DIVF211
                 __DIVF216:
000396 2f79      	MOV  R23,R25
000397 931f      	PUSH R17
000398 932f      	PUSH R18
000399 933f      	PUSH R19
00039a 934f      	PUSH R20
00039b 2411      	CLR  R1
00039c 2711      	CLR  R17
00039d 2722      	CLR  R18
00039e 2733      	CLR  R19
00039f 2744      	CLR  R20
0003a0 2755      	CLR  R21
0003a1 e290      	LDI  R25,32
                 __DIVF212:
0003a2 17ae      	CP   R26,R30
0003a3 07bf      	CPC  R27,R31
0003a4 0786      	CPC  R24,R22
0003a5 0741      	CPC  R20,R17
0003a6 f030      	BRLO __DIVF213
0003a7 1bae      	SUB  R26,R30
0003a8 0bbf      	SBC  R27,R31
0003a9 0b86      	SBC  R24,R22
0003aa 0b41      	SBC  R20,R17
0003ab 9408      	SEC
0003ac c001      	RJMP __DIVF214
                 __DIVF213:
0003ad 9488      	CLC
                 __DIVF214:
0003ae 1f55      	ROL  R21
0003af 1f22      	ROL  R18
0003b0 1f33      	ROL  R19
0003b1 1c11      	ROL  R1
0003b2 1faa      	ROL  R26
0003b3 1fbb      	ROL  R27
0003b4 1f88      	ROL  R24
0003b5 1f44      	ROL  R20
0003b6 959a      	DEC  R25
0003b7 f751      	BRNE __DIVF212
0003b8 01f9      	MOVW R30,R18
0003b9 2d61      	MOV  R22,R1
0003ba 914f      	POP  R20
0003bb 913f      	POP  R19
0003bc 912f      	POP  R18
0003bd 911f      	POP  R17
0003be 2366      	TST  R22
0003bf f032      	BRMI __DIVF215
0003c0 0f55      	LSL  R21
0003c1 1fee      	ROL  R30
0003c2 1fff      	ROL  R31
0003c3 1f66      	ROL  R22
0003c4 957a      	DEC  R23
0003c5 f243      	BRVS __DIVF217
                 __DIVF215:
0003c6 df12      	RCALL __ROUND_REPACK
0003c7 915f      	POP  R21
0003c8 9508      	RET
                 
                 __ADDW2R15:
0003c9 2400      	CLR  R0
0003ca 0daf      	ADD  R26,R15
0003cb 1db0      	ADC  R27,R0
0003cc 9508      	RET
                 
                 __ANEGW1:
0003cd 95f1      	NEG  R31
0003ce 95e1      	NEG  R30
0003cf 40f0      	SBCI R31,0
0003d0 9508      	RET
                 
                 __ANEGD1:
0003d1 95f0      	COM  R31
0003d2 9560      	COM  R22
0003d3 9570      	COM  R23
0003d4 95e1      	NEG  R30
0003d5 4fff      	SBCI R31,-1
0003d6 4f6f      	SBCI R22,-1
0003d7 4f7f      	SBCI R23,-1
0003d8 9508      	RET
                 
                 __CWD1:
0003d9 2f6f      	MOV  R22,R31
0003da 0f66      	ADD  R22,R22
0003db 0b66      	SBC  R22,R22
0003dc 2f76      	MOV  R23,R22
0003dd 9508      	RET
                 
                 __GETW1P:
0003de 91ed      	LD   R30,X+
0003df 91fc      	LD   R31,X
0003e0 9711      	SBIW R26,1
0003e1 9508      	RET
                 
                 __GETW1PF:
0003e2 9005      	LPM  R0,Z+
0003e3 91f4      	LPM  R31,Z
0003e4 2de0      	MOV  R30,R0
0003e5 9508      	RET
                 
                 __PUTPARD1:
0003e6 937a      	ST   -Y,R23
0003e7 936a      	ST   -Y,R22
0003e8 93fa      	ST   -Y,R31
0003e9 93ea      	ST   -Y,R30
0003ea 9508      	RET
                 
                 __SAVELOCR6:
0003eb 935a      	ST   -Y,R21
                 __SAVELOCR5:
0003ec 934a      	ST   -Y,R20
                 __SAVELOCR4:
0003ed 933a      	ST   -Y,R19
                 __SAVELOCR3:
0003ee 932a      	ST   -Y,R18
                 __SAVELOCR2:
0003ef 931a      	ST   -Y,R17
0003f0 930a      	ST   -Y,R16
0003f1 9508      	RET
                 
                 __LOADLOCR6:
0003f2 815d      	LDD  R21,Y+5
                 __LOADLOCR5:
0003f3 814c      	LDD  R20,Y+4
                 __LOADLOCR4:
0003f4 813b      	LDD  R19,Y+3
                 __LOADLOCR3:
0003f5 812a      	LDD  R18,Y+2
                 __LOADLOCR2:
0003f6 8119      	LDD  R17,Y+1
0003f7 8108      	LD   R16,Y
0003f8 9508      	RET
                 
                 ;END OF CODE MARKER
                 __END_OF_CODE:


RESOURCE USE INFORMATION
------------------------

Notice:
The register and instruction counts are symbol table hit counts,
and hence implicitly used resources are not counted, eg, the
'lpm' instruction without operands implicitly uses r0 and z,
none of which are counted.

x,y,z are separate entities in the symbol table and are
counted separately from r26..r31 here.

.dseg memory usage only counts static data declared with .byte

ATmega32A register use summary:
r0 :  24 r1 :  17 r2 :   0 r3 :   0 r4 :   0 r5 :   0 r6 :   0 r7 :   0 
r8 :   0 r9 :   0 r10:   0 r11:   0 r12:   0 r13:   0 r14:   0 r15:   4 
r16:  35 r17:  30 r18:  46 r19:  25 r20:  23 r21:  53 r22:  38 r23:  29 
r24:  20 r25:  26 r26:  78 r27:  41 r28:  16 r29:   1 r30: 188 r31:  75 
x  :  23 y  : 156 z  :   7 
Registers used: 22 out of 35 (62.9%)

ATmega32A instruction use summary:
.lds  :   0 .lds.l:   0 .sts  :   0 .sts.l:   0 adc   :  18 add   :  10 
adiw  :  23 and   :   2 andi  :   4 asr   :   0 bclr  :   0 bld   :   0 
brbc  :   0 brbs  :   0 brcc  :   0 brcs  :   0 break :   0 breq  :  19 
brge  :   1 brhc  :   0 brhs  :   0 brid  :   0 brie  :   0 brlo  :   8 
brlt  :   2 brmi  :   6 brne  :  28 brpl  :   4 brsh  :   2 brtc  :   0 
brts  :   1 brvc  :   2 brvs  :   3 bset  :   0 bst   :   0 call  :  45 
cbi   :   0 cbr   :   0 clc   :   1 clh   :   0 cli   :   1 cln   :   0 
clr   :  21 cls   :   0 clt   :   1 clv   :   0 clz   :   0 com   :   4 
cp    :   4 cpc   :   6 cpi   :  38 cpse  :   0 dec   :   5 des   :   0 
eor   :   5 fmul  :   0 fmuls :   0 fmulsu:   0 icall :   2 ijmp  :   0 
in    :   2 inc   :   1 jmp   :  22 ld    :  17 ldd   :  78 ldi   :  84 
lds   :   0 lpm   :   7 lsl   :   9 lsr   :   0 mov   :  27 movw  :  17 
mul   :  10 muls  :   0 mulsu :   0 neg   :   3 nop   :   0 or    :   0 
ori   :   6 out   :  46 pop   :  16 push  :  15 rcall :  14 ret   :  31 
reti  :   0 rjmp  :  71 rol   :  19 ror   :   4 sbc   :   6 sbci  :   7 
sbi   :   2 sbic  :   0 sbis  :   2 sbiw  :  17 sbr   :   0 sbrc  :   2 
sbrs  :  11 sec   :   3 seh   :   0 sei   :   0 sen   :   0 ser   :   5 
ses   :   0 set   :   1 sev   :   0 sez   :   0 sleep :   0 spm   :   0 
st    :  49 std   :  37 sts   :   0 sub   :   2 subi  :  14 swap  :   0 
tst   :  13 wdr   :   1 
Instructions used: 65 out of 116 (56.0%)

ATmega32A memory use summary [bytes]:
Segment   Begin    End      Code   Data   Used    Size   Use%
---------------------------------------------------------------
[.cseg] 0x000000 0x0007f2   2004     30   2034   32768   6.2%
[.dseg] 0x000060 0x000260      0      0      0    2048   0.0%
[.eseg] 0x000000 0x000000      0      0      0    1024   0.0%

Assembly complete, 0 errors, 1 warnings
